Component: ARM Compiler 5.06 update 7 (build 960) Tool: armlink [4d3601]

==============================================================================

Section Cross References

    main.o(i.main) refers to system.o(i.systemInit) for systemInit
    main.o(i.main) refers to tasks.o(i.xTaskCreate) for xTaskCreate
    main.o(i.main) refers to tasks.o(i.vTaskStartScheduler) for vTaskStartScheduler
    main.o(i.main) refers to main.o(.data) for .data
    main.o(i.main) refers to main.o(i.start_task) for start_task
    main.o(i.start_task) refers to port.o(i.vPortEnterCritical) for vPortEnterCritical
    main.o(i.start_task) refers to tasks.o(i.xTaskCreate) for xTaskCreate
    main.o(i.start_task) refers to tasks.o(i.vTaskDelete) for vTaskDelete
    main.o(i.start_task) refers to port.o(i.vPortExitCritical) for vPortExitCritical
    main.o(i.start_task) refers to balance.o(i.Balance_task) for Balance_task
    main.o(i.start_task) refers to show.o(i.show_task) for show_task
    main.o(i.start_task) refers to led.o(i.led_task) for led_task
    main.o(i.start_task) refers to pstwo.o(i.pstwo_task) for pstwo_task
    main.o(i.start_task) refers to adc.o(i.adc_task) for adc_task
    main.o(i.start_task) refers to main.o(.data) for .data
    system_stm32f4xx.o(i.SystemCoreClockUpdate) refers to system_stm32f4xx.o(.data) for .data
    system_stm32f4xx.o(i.SystemInit) refers to system_stm32f4xx.o(i.SetSysClock) for SetSysClock
    adc.o(i.Adc_Init) refers to stm32f4xx_rcc.o(i.RCC_AHB1PeriphClockCmd) for RCC_AHB1PeriphClockCmd
    adc.o(i.Adc_Init) refers to stm32f4xx_rcc.o(i.RCC_APB2PeriphClockCmd) for RCC_APB2PeriphClockCmd
    adc.o(i.Adc_Init) refers to stm32f4xx_gpio.o(i.GPIO_Init) for GPIO_Init
    adc.o(i.Adc_Init) refers to stm32f4xx_rcc.o(i.RCC_APB2PeriphResetCmd) for RCC_APB2PeriphResetCmd
    adc.o(i.Adc_Init) refers to stm32f4xx_adc.o(i.ADC_CommonInit) for ADC_CommonInit
    adc.o(i.Adc_Init) refers to stm32f4xx_adc.o(i.ADC_Init) for ADC_Init
    adc.o(i.Adc_Init) refers to stm32f4xx_adc.o(i.ADC_Cmd) for ADC_Cmd
    adc.o(i.Adc_POWER_Init) refers to stm32f4xx_rcc.o(i.RCC_AHB1PeriphClockCmd) for RCC_AHB1PeriphClockCmd
    adc.o(i.Adc_POWER_Init) refers to stm32f4xx_rcc.o(i.RCC_APB2PeriphClockCmd) for RCC_APB2PeriphClockCmd
    adc.o(i.Adc_POWER_Init) refers to stm32f4xx_gpio.o(i.GPIO_Init) for GPIO_Init
    adc.o(i.Adc_POWER_Init) refers to stm32f4xx_rcc.o(i.RCC_APB2PeriphResetCmd) for RCC_APB2PeriphResetCmd
    adc.o(i.Adc_POWER_Init) refers to stm32f4xx_adc.o(i.ADC_CommonInit) for ADC_CommonInit
    adc.o(i.Adc_POWER_Init) refers to stm32f4xx_adc.o(i.ADC_Init) for ADC_Init
    adc.o(i.Adc_POWER_Init) refers to stm32f4xx_adc.o(i.ADC_Cmd) for ADC_Cmd
    adc.o(i.Find_CCD_Median) refers to balance.o(i.myabs) for myabs
    adc.o(i.Find_CCD_Median) refers to adc.o(.bss) for .bss
    adc.o(i.Find_CCD_Median) refers to adc.o(.data) for .data
    adc.o(i.Get_Adc) refers to stm32f4xx_adc.o(i.ADC_RegularChannelConfig) for ADC_RegularChannelConfig
    adc.o(i.Get_Adc) refers to stm32f4xx_adc.o(i.ADC_SoftwareStartConv) for ADC_SoftwareStartConv
    adc.o(i.Get_Adc) refers to stm32f4xx_adc.o(i.ADC_GetFlagStatus) for ADC_GetFlagStatus
    adc.o(i.Get_Adc) refers to stm32f4xx_adc.o(i.ADC_GetConversionValue) for ADC_GetConversionValue
    adc.o(i.Get_Adc2) refers to stm32f4xx_adc.o(i.ADC_RegularChannelConfig) for ADC_RegularChannelConfig
    adc.o(i.Get_Adc2) refers to stm32f4xx_adc.o(i.ADC_SoftwareStartConv) for ADC_SoftwareStartConv
    adc.o(i.Get_Adc2) refers to stm32f4xx_adc.o(i.ADC_GetFlagStatus) for ADC_GetFlagStatus
    adc.o(i.Get_Adc2) refers to stm32f4xx_adc.o(i.ADC_GetConversionValue) for ADC_GetConversionValue
    adc.o(i.Get_adc_Average) refers to adc.o(i.Get_Adc) for Get_Adc
    adc.o(i.Get_adc_Average) refers to delay.o(i.delay_ms) for delay_ms
    adc.o(i.Get_battery_volt) refers to adc.o(i.Get_Adc2) for Get_Adc2
    adc.o(i.Get_battery_volt) refers to dfltui.o(.text) for __aeabi_ui2d
    adc.o(i.Get_battery_volt) refers to dmul.o(.text) for __aeabi_dmul
    adc.o(i.Get_battery_volt) refers to d2f.o(.text) for __aeabi_d2f
    adc.o(i.RD_TSL) refers to adc.o(i.Dly_us) for Dly_us
    adc.o(i.RD_TSL) refers to adc.o(i.Get_Adc) for Get_Adc
    adc.o(i.RD_TSL) refers to adc.o(.bss) for .bss
    adc.o(i.adc_task) refers to delay.o(i.getSysTickCnt) for getSysTickCnt
    adc.o(i.adc_task) refers to tasks.o(i.vTaskDelayUntil) for vTaskDelayUntil
    adc.o(i.adc_task) refers to adc.o(i.Get_Adc) for Get_Adc
    adc.o(i.adc_task) refers to adc.o(i.RD_TSL) for RD_TSL
    adc.o(i.adc_task) refers to adc.o(i.Find_CCD_Median) for Find_CCD_Median
    adc.o(i.adc_task) refers to balance.o(.data) for Mode
    adc.o(i.adc_task) refers to adc.o(.data) for .data
    adc.o(i.ccd_Init) refers to stm32f4xx_rcc.o(i.RCC_AHB1PeriphClockCmd) for RCC_AHB1PeriphClockCmd
    adc.o(i.ccd_Init) refers to stm32f4xx_rcc.o(i.RCC_APB2PeriphClockCmd) for RCC_APB2PeriphClockCmd
[...]
    USBH_SetFeature                          0x080075bb   Thumb Code    28  usbh_ctlreq.o(i.USBH_SetFeature)
    USBH_Start                               0x080075d7   Thumb Code    20  usbh_core.o(i.USBH_Start)
    USB_CoreInit                             0x0800760d   Thumb Code   126  stm32f4xx_ll_usb.o(i.USB_CoreInit)
    USB_DisableGlobalInt                     0x080076cd   Thumb Code    12  stm32f4xx_ll_usb.o(i.USB_DisableGlobalInt)
    USB_DoPing                               0x080076d9   Thumb Code    30  stm32f4xx_ll_usb.o(i.USB_DoPing)
    USB_DriveVbus                            0x080076fd   Thumb Code    44  stm32f4xx_ll_usb.o(i.USB_DriveVbus)
    USB_EnableGlobalInt                      0x08007729   Thumb Code    12  stm32f4xx_ll_usb.o(i.USB_EnableGlobalInt)
    USB_FlushRxFifo                          0x08007735   Thumb Code    56  stm32f4xx_ll_usb.o(i.USB_FlushRxFifo)
    USB_FlushTxFifo                          0x0800776d   Thumb Code    60  stm32f4xx_ll_usb.o(i.USB_FlushTxFifo)
    USB_GetCurrentFrame                      0x080077a9   Thumb Code     8  stm32f4xx_ll_usb.o(i.USB_GetCurrentFrame)
    USB_GetHostSpeed                         0x080077b1   Thumb Code    14  stm32f4xx_ll_usb.o(i.USB_GetHostSpeed)
    USB_GetMode                              0x080077bf   Thumb Code     8  stm32f4xx_ll_usb.o(i.USB_GetMode)
    USB_HC_Halt                              0x080077c7   Thumb Code   212  stm32f4xx_ll_usb.o(i.USB_HC_Halt)
    USB_HC_Init                              0x0800789d   Thumb Code   274  stm32f4xx_ll_usb.o(i.USB_HC_Init)
    USB_HC_ReadInterrupt                     0x080079b5   Thumb Code     8  stm32f4xx_ll_usb.o(i.USB_HC_ReadInterrupt)
    USB_HC_StartXfer                         0x080079bd   Thumb Code   600  stm32f4xx_ll_usb.o(i.USB_HC_StartXfer)
    USB_HostInit                             0x08007c19   Thumb Code   184  stm32f4xx_ll_usb.o(i.USB_HostInit)
    USB_InitFSLSPClkSel                      0x08007ce9   Thumb Code    56  stm32f4xx_ll_usb.o(i.USB_InitFSLSPClkSel)
    USB_ReadChInterrupts                     0x08007d21   Thumb Code    16  stm32f4xx_ll_usb.o(i.USB_ReadChInterrupts)
    USB_ReadInterrupts                       0x08007d31   Thumb Code     8  stm32f4xx_ll_usb.o(i.USB_ReadInterrupts)
    USB_ReadPacket                           0x08007d39   Thumb Code    62  stm32f4xx_ll_usb.o(i.USB_ReadPacket)
    USB_ResetPort                            0x08007d77   Thumb Code    50  stm32f4xx_ll_usb.o(i.USB_ResetPort)
    USB_SetCurrentMode                       0x08007da9   Thumb Code    92  stm32f4xx_ll_usb.o(i.USB_SetCurrentMode)
    USB_StopHost                             0x08007e05   Thumb Code   138  stm32f4xx_ll_usb.o(i.USB_StopHost)
    USB_WritePacket                          0x08007e8f   Thumb Code    38  stm32f4xx_ll_usb.o(i.USB_WritePacket)
    UsageFault_Handler                       0x08007eb5   Thumb Code     2  stm32f4xx_it.o(i.UsageFault_Handler)
    V1_0_LED_Init                            0x08007eb9   Thumb Code    58  led.o(i.V1_0_LED_Init)
    V1_1_LED_Init                            0x08007ef9   Thumb Code    58  led.o(i.V1_1_LED_Init)
    __0printf                                0x08008375   Thumb Code    22  printfa.o(i.__0printf)
    __1printf                                0x08008375   Thumb Code     0  printfa.o(i.__0printf)
    __2printf                                0x08008375   Thumb Code     0  printfa.o(i.__0printf)
    __c89printf                              0x08008375   Thumb Code     0  printfa.o(i.__0printf)
    printf                                   0x08008375   Thumb Code     0  printfa.o(i.__0printf)
    __ARM_fpclassify                         0x08008395   Thumb Code    48  fpclassify.o(i.__ARM_fpclassify)
    __hardfp_pow                             0x080083c9   Thumb Code  3072  pow.o(i.__hardfp_pow)
    __hardfp_sqrt                            0x08009019   Thumb Code   122  sqrt.o(i.__hardfp_sqrt)
    __hardfp_tan                             0x08009099   Thumb Code   108  tan.o(i.__hardfp_tan)
    __ieee754_rem_pio2                       0x08009119   Thumb Code   938  rred.o(i.__ieee754_rem_pio2)
    __kernel_poly                            0x08009551   Thumb Code   248  poly.o(i.__kernel_poly)
    __kernel_tan                             0x08009649   Thumb Code   764  tan_i.o(i.__kernel_tan)
    __mathlib_dbl_divzero                    0x08009999   Thumb Code    28  dunder.o(i.__mathlib_dbl_divzero)
    __mathlib_dbl_infnan                     0x080099c9   Thumb Code    20  dunder.o(i.__mathlib_dbl_infnan)
    __mathlib_dbl_infnan2                    0x080099dd   Thumb Code    20  dunder.o(i.__mathlib_dbl_infnan2)
    __mathlib_dbl_invalid                    0x080099f1   Thumb Code    24  dunder.o(i.__mathlib_dbl_invalid)
    __mathlib_dbl_overflow                   0x08009a11   Thumb Code    24  dunder.o(i.__mathlib_dbl_overflow)
    __mathlib_dbl_underflow                  0x08009a31   Thumb Code    24  dunder.o(i.__mathlib_dbl_underflow)
    __scatterload_copy                       0x08009a51   Thumb Code    14  handlers.o(i.__scatterload_copy)
    __scatterload_null                       0x08009a5f   Thumb Code     2  handlers.o(i.__scatterload_null)
    __scatterload_zeroinit                   0x08009a61   Thumb Code    14  handlers.o(i.__scatterload_zeroinit)
    __set_errno                              0x08009a71   Thumb Code     6  errno.o(i.__set_errno)
    adc_task                                 0x0800a309   Thumb Code   100  adc.o(i.adc_task)
    ccd_Init                                 0x0800a375   Thumb Code   176  adc.o(i.ccd_Init)
    click_N_Double                           0x0800a431   Thumb Code   132  key.o(i.click_N_Double)
    data_process                             0x0800a4bd   Thumb Code   270  usartx.o(i.data_process)
    delay_init                               0x0800a5f1   Thumb Code    50  delay.o(i.delay_init)
    delay_ms                                 0x0800a629   Thumb Code    52  delay.o(i.delay_ms)
    delay_us                                 0x0800a661   Thumb Code    48  delay.o(i.delay_us)
    ele_Init                                 0x0800a695   Thumb Code    64  adc.o(i.ele_Init)
    fabs                                     0x0800a6dd   Thumb Code    24  fabs.o(i.fabs)
    float_abs                                0x0800a6f5   Thumb Code    16  balance.o(i.float_abs)
    fputc                                    0x0800a705   Thumb Code    18  usart.o(i.fputc)
    free                                     0x0800a71d   Thumb Code    76  malloc.o(i.free)
    getSysTickCnt                            0x0800a76d   Thumb Code    24  delay.o(i.getSysTickCnt)
    led_task                                 0x0800a789   Thumb Code    50  led.o(i.led_task)
    main                                     0x0800a7cd   Thumb Code    34  main.o(i.main)
    malloc                                   0x0800a805   Thumb Code    92  malloc.o(i.malloc)
    myabs                                    0x0800a871   Thumb Code     8  balance.o(i.myabs)
    oled_pow                                 0x0800a879   Thumb Code    16  oled.o(i.oled_pow)
    oled_show                                0x0800a889   Thumb Code  3166  show.o(i.oled_show)
    osMessageQueueGet                        0x0800b525   Thumb Code    98  usbh_os_middleware.o(i.osMessageQueueGet)
    osMessageQueuePut                        0x0800b58d   Thumb Code    76  usbh_os_middleware.o(i.osMessageQueuePut)
    ps2_checkkey                             0x0800be41   Thumb Code   152  bsp_ps2.o(i.ps2_checkkey)
    ps2_checkkeystate                        0x0800bee1   Thumb Code    12  bsp_ps2.o(i.ps2_checkkeystate)
    pstwo_task                               0x0800bf05   Thumb Code    42  pstwo.o(i.pstwo_task)
    pvPortMalloc                             0x0800bf35   Thumb Code   214  heap_4.o(i.pvPortMalloc)
    pvTaskIncrementMutexHeldCount            0x0800c049   Thumb Code    18  tasks.o(i.pvTaskIncrementMutexHeldCount)
    pxPortInitialiseStack                    0x0800c061   Thumb Code    40  port.o(i.pxPortInitialiseStack)
    show_task                                0x0800c08d   Thumb Code   256  show.o(i.show_task)
    sqrt                                     0x0800c1b1   Thumb Code   110  sqrt.o(i.sqrt)
    start_task                               0x0800c221   Thumb Code   112  main.o(i.start_task)
    systemInit                               0x0800c2e9   Thumb Code   214  system.o(i.systemInit)
    target_limit_float                       0x0800c3cd   Thumb Code    32  balance.o(i.target_limit_float)
    target_limit_int                         0x0800c3ed   Thumb Code    16  balance.o(i.target_limit_int)
    uart1_init                               0x0800c3fd   Thumb Code   162  usartx.o(i.uart1_init)
    uart2_init                               0x0800c4a9   Thumb Code   160  usartx.o(i.uart2_init)
    uart5_init                               0x0800c551   Thumb Code   206  usartx.o(i.uart5_init)
    uxListRemove                             0x0800c62d   Thumb Code    36  list.o(i.uxListRemove)
    vListInitialise                          0x0800c651   Thumb Code    22  list.o(i.vListInitialise)
    vListInitialiseItem                      0x0800c667   Thumb Code     6  list.o(i.vListInitialiseItem)
    vListInsert                              0x0800c66d   Thumb Code    48  list.o(i.vListInsert)
    vListInsertEnd                           0x0800c69d   Thumb Code    24  list.o(i.vListInsertEnd)
    vPortEnterCritical                       0x0800c6b5   Thumb Code    50  port.o(i.vPortEnterCritical)
    vPortExitCritical                        0x0800c72d   Thumb Code    34  port.o(i.vPortExitCritical)
    vPortFree                                0x0800c791   Thumb Code    94  heap_4.o(i.vPortFree)
    vPortSetupTimerInterrupt                 0x0800c82d   Thumb Code    26  port.o(i.vPortSetupTimerInterrupt)
    vPortValidateInterruptPriority           0x0800c84d   Thumb Code    70  port.o(i.vPortValidateInterruptPriority)
    vQueueAddToRegistry                      0x0800c8d9   Thumb Code    32  queue.o(i.vQueueAddToRegistry)
    vQueueWaitForMessageRestricted           0x0800c8fd   Thumb Code    68  queue.o(i.vQueueWaitForMessageRestricted)
    vTaskDelay                               0x0800c941   Thumb Code    62  tasks.o(i.vTaskDelay)
    vTaskDelayUntil                          0x0800c9ad   Thumb Code   128  tasks.o(i.vTaskDelayUntil)
    vTaskDelete                              0x0800ca59   Thumb Code   152  tasks.o(i.vTaskDelete)
    vTaskMissedYield                         0x0800cb25   Thumb Code     8  tasks.o(i.vTaskMissedYield)
    vTaskPlaceOnEventList                    0x0800cb31   Thumb Code    44  tasks.o(i.vTaskPlaceOnEventList)
    vTaskPlaceOnEventListRestricted          0x0800cb85   Thumb Code    52  tasks.o(i.vTaskPlaceOnEventListRestricted)
    vTaskPriorityInherit                     0x0800cbe1   Thumb Code   124  tasks.o(i.vTaskPriorityInherit)
    vTaskSetTimeOutState                     0x0800cc65   Thumb Code    30  tasks.o(i.vTaskSetTimeOutState)
    vTaskStartScheduler                      0x0800ccad   Thumb Code    96  tasks.o(i.vTaskStartScheduler)
    vTaskSuspendAll                          0x0800cd41   Thumb Code    10  tasks.o(i.vTaskSuspendAll)
    vTaskSwitchContext                       0x0800cd51   Thumb Code    80  tasks.o(i.vTaskSwitchContext)
    xPortStartScheduler                      0x0800cdcd   Thumb Code   196  port.o(i.xPortStartScheduler)
    xPortSysTickHandler                      0x0800cee1   Thumb Code    38  port.o(i.xPortSysTickHandler)
    xQueueGenericCreate                      0x0800cf0d   Thumb Code    82  queue.o(i.xQueueGenericCreate)
    xQueueGenericReceive                     0x0800cf85   Thumb Code   348  queue.o(i.xQueueGenericReceive)
    xQueueGenericReset                       0x0800d109   Thumb Code   128  queue.o(i.xQueueGenericReset)
    xQueueGenericSend                        0x0800d1b1   Thumb Code   350  queue.o(i.xQueueGenericSend)
    xQueueGenericSendFromISR                 0x0800d339   Thumb Code   188  queue.o(i.xQueueGenericSendFromISR)
    xQueueReceiveFromISR                     0x0800d419   Thumb Code   144  queue.o(i.xQueueReceiveFromISR)
    xTaskCheckForTimeOut                     0x0800d4cd   Thumb Code    94  tasks.o(i.xTaskCheckForTimeOut)
    xTaskCreate                              0x0800d555   Thumb Code    86  tasks.o(i.xTaskCreate)
    xTaskGetSchedulerState                   0x0800d5ad   Thumb Code    22  tasks.o(i.xTaskGetSchedulerState)
    xTaskGetTickCount                        0x0800d5c9   Thumb Code     6  tasks.o(i.xTaskGetTickCount)
    xTaskIncrementTick                       0x0800d5d5   Thumb Code   188  tasks.o(i.xTaskIncrementTick)
    xTaskPriorityDisinherit                  0x0800d6bd   Thumb Code   136  tasks.o(i.xTaskPriorityDisinherit)
    xTaskRemoveFromEventList                 0x0800d771   Thumb Code   102  tasks.o(i.xTaskRemoveFromEventList)
    xTaskResumeAll                           0x0800d809   Thumb Code   180  tasks.o(i.xTaskResumeAll)
    xTimerCreate                             0x0800d8ed   Thumb Code    74  timers.o(i.xTimerCreate)
    xTimerCreateTimerTask                    0x0800d961   Thumb Code    58  timers.o(i.xTimerCreateTimerTask)
    xTimerGenericCommand                     0x0800d9d5   Thumb Code    98  timers.o(i.xTimerGenericCommand)
    oled_asc2_1206                           0x0800da64   Data        1140  oled.o(.constdata)
    oled_asc2_1608                           0x0800ded8   Data        1520  oled.o(.constdata)
    cfont16                                  0x0800e4c8   Data        3434  oled.o(.constdata)
    cfont12                                  0x0800f232   Data         598  oled.o(.constdata)
    gImage_usb_bmp                           0x0800f488   Data         512  oled.o(.constdata)
    __mathlib_zero                           0x0800f710   Data           8  qnan.o(.constdata)
    Region$$Table$$Base                      0x0800f8a0   Number         0  anon$$obj.o(Region$$Table)
    Region$$Table$$Limit                     0x0800f8c0   Number         0  anon$$obj.o(Region$$Table)
    StartTask_Handler                        0x20000000   Data           4  main.o(.data)
    SystemCoreClock                          0x20000004   Data           4  system_stm32f4xx.o(.data)
    AHBPrescTable                            0x20000008   Data          16  system_stm32f4xx.o(.data)
    CCD_Median                               0x20000026   Data           2  adc.o(.data)
    CCD_Threshold                            0x20000028   Data           2  adc.o(.data)
    Sensor_Left                              0x2000002c   Data           4  adc.o(.data)
    Sensor_Middle                            0x20000030   Data           4  adc.o(.data)
    Sensor_Right                             0x20000034   Data           4  adc.o(.data)
    Sensor                                   0x20000038   Data           4  adc.o(.data)
    sum                                      0x2000003c   Data           4  adc.o(.data)
    Voltage                                  0x20000040   Data           4  adc.o(.data)
    Voltage_All                              0x20000044   Data           4  adc.o(.data)
    Led_Count                                0x20000068   Data           4  led.o(.data)
    usb_ps2_ready                            0x20000070   Data           1  pstwo.o(.data)
    Comd                                     0x20000071   Data           2  pstwo.o(.data)
    Handkey                                  0x20000074   Data           2  pstwo.o(.data)
    Strat                                    0x20000078   Data           4  pstwo.o(.data)
    MASK                                     0x20000080   Data          32  pstwo.o(.data)
    Diff_Along_Distance_KP                   0x200000a0   Data           4  usartx.o(.data)
    Diff_Along_Distance_KD                   0x200000a4   Data           4  usartx.o(.data)
    Diff_Along_Distance_KI                   0x200000a8   Data           4  usartx.o(.data)
    Akm_Along_Distance_KP                    0x200000ac   Data           4  usartx.o(.data)
    Akm_Along_Distance_KD                    0x200000b0   Data           4  usartx.o(.data)
    Akm_Along_Distance_KI                    0x200000b4   Data           4  usartx.o(.data)
    FourWheel_Along_Distance_KP              0x200000b8   Data           4  usartx.o(.data)
    FourWheel_Along_Distance_KD              0x200000bc   Data           4  usartx.o(.data)
    FourWheel_Along_Distance_KI              0x200000c0   Data           4  usartx.o(.data)
    Along_Distance_KP                        0x200000d0   Data           4  usartx.o(.data)
    Along_Distance_KD                        0x200000d4   Data           4  usartx.o(.data)
    Along_Distance_KI                        0x200000d8   Data           4  usartx.o(.data)
    data_cnt                                 0x200000dc   Data           4  usartx.o(.data)
    Distance_KP                              0x20000104   Data           4  usartx.o(.data)
    Distance_KD                              0x20000108   Data           4  usartx.o(.data)
    Distance_KI                              0x2000010c   Data           4  usartx.o(.data)
    Follow_KP                                0x20000110   Data           4  usartx.o(.data)
    Follow_KD                                0x20000114   Data           4  usartx.o(.data)
    Follow_KI                                0x20000118   Data           4  usartx.o(.data)
    Follow_KP_Akm                            0x2000011c   Data           4  usartx.o(.data)
    Follow_KD_Akm                            0x20000120   Data           4  usartx.o(.data)
    Follow_KI_Akm                            0x20000124   Data           4  usartx.o(.data)
    __stdout                                 0x20000130   Data           4  usart.o(.data)
    pxCurrentTCB                             0x20000144   Data           4  tasks.o(.data)
    Flag_Stop                                0x200001b8   Data           1  system.o(.data)
    Car_Mode                                 0x200001b9   Data           1  system.o(.data)
    RC_Velocity                              0x200001bc   Data           4  system.o(.data)
    Tank_Car_CCD_KP                          0x200001c0   Data           4  system.o(.data)
    Tank_Car_CCD_KI                          0x200001c4   Data           4  system.o(.data)
    Tank_Car_ELE_KP                          0x200001c8   Data           4  system.o(.data)
    Tank_Car_ELE_KI                          0x200001cc   Data           4  system.o(.data)
    Omni_Car_CCD_KP                          0x200001d0   Data           4  system.o(.data)
    Omni_Car_CCD_KI                          0x200001d4   Data           4  system.o(.data)
    Omni_Car_ELE_KP                          0x200001d8   Data           4  system.o(.data)
    Omni_Car_ELE_KI                          0x200001dc   Data           4  system.o(.data)
    CCD_KP                                   0x200001e0   Data           4  system.o(.data)
    CCD_KI                                   0x200001e4   Data           4  system.o(.data)
    ELE_KP                                   0x200001e8   Data           4  system.o(.data)
    ELE_KI                                   0x200001ec   Data           4  system.o(.data)
    PS2_LX                                   0x200001f0   Data           4  system.o(.data)
    PS2_LY                                   0x200001f4   Data           4  system.o(.data)
    PS2_RX                                   0x200001f8   Data           4  system.o(.data)
    PS2_RY                                   0x200001fc   Data           4  system.o(.data)
    Velocity_KP                              0x20000200   Data           4  system.o(.data)
    Velocity_KI                              0x20000204   Data           4  system.o(.data)
    APP_ON_Flag                              0x20000208   Data           1  system.o(.data)
    PS2_ON_Flag                              0x20000209   Data           1  system.o(.data)
    Flag_Direction                           0x2000020a   Data           1  system.o(.data)
    Divisor_Mode                             0x2000020c   Data           4  system.o(.data)
    Servo                                    0x20000210   Data           4  system.o(.data)
    PS2_KEY                                  0x20000214   Data           4  system.o(.data)
    Move_X                                   0x20000218   Data           4  system.o(.data)
    Move_Y                                   0x2000021c   Data           4  system.o(.data)
    Move_Z                                   0x20000220   Data           4  system.o(.data)
    Encoder_precision                        0x20000224   Data           4  system.o(.data)
    Wheel_perimeter                          0x20000228   Data           4  system.o(.data)
    Wheel_spacing                            0x2000022c   Data           4  system.o(.data)
    Axle_spacing                             0x20000230   Data           4  system.o(.data)
    Omni_turn_radiaus                        0x20000234   Data           4  system.o(.data)
    Flag_Left                                0x20000238   Data           1  system.o(.data)
    Flag_Right                               0x20000239   Data           1  system.o(.data)
    Turn_Flag                                0x2000023a   Data           1  system.o(.data)
    PID_Send                                 0x2000023b   Data           1  system.o(.data)
    POT_val                                  0x2000023c   Data           4  system.o(.data)
    Lidar_Detect                             0x20000240   Data           1  balance.o(.data)
    Lidar_Success_Receive_flag               0x20000241   Data           1  balance.o(.data)
    Lidar_flag_count                         0x20000242   Data           1  balance.o(.data)
    Mode                                     0x20000247   Data           1  balance.o(.data)
    RC_Lidar_Avoid_FLAG                      0x2000024c   Data           4  balance.o(.data)
    RC_Velocity_CCD                          0x20000250   Data           4  balance.o(.data)
    RC_Velocity_ELE                          0x20000254   Data           4  balance.o(.data)
    robot_mode_check_flag                    0x20000258   Data           4  balance.o(.data)
    oled_refresh_flag                        0x200002e0   Data           1  show.o(.data)
    Buzzer_count                             0x200002e4   Data           4  show.o(.data)
    Voltage_Show                             0x200002f0   Data           4  show.o(.data)
    usb_wait_EnumReady                       0x200002f4   Data           1  usbh_core.o(.data)
    usb_showEnum                             0x200002f5   Data           1  usbh_core.o(.data)
    ps2_info                                 0x200002fc   Data          12  bsp_ps2.o(.data)
    ps2_defaultVal                           0x20000308   Data          12  bsp_ps2.o(.data)
    PS2_HID_Class                            0x20000314   Data          32  bsp_ps2.o(.data)
    WiredlessPS2_HID_Class                   0x20000334   Data          32  bsp_ps2.o(.data)
    Appli_state                              0x20000354   Data           1  usb_host.o(.data)
    __microlib_freelist                      0x20000358   Data           4  mvars.o(.data)
    __microlib_freelist_initialised          0x2000035c   Data           4  mvars.o(.data)
    ADV                                      0x20000364   Data         256  adc.o(.bss)
    OLED_GRAM                                0x20000470   Data        1024  oled.o(.bss)
    Data                                     0x20000870   Data           9  pstwo.o(.bss)
    Pack_Data                                0x200008ae   Data         106  usartx.o(.bss)
    Dataprocess                              0x20000918   Data        9600  usartx.o(.bss)
    xQueueRegistry                           0x20002e98   Data          64  queue.o(.bss)
    smooth_control                           0x200081e4   Data          12  system.o(.bss)
    MOTOR_A                                  0x200081f0   Data          20  system.o(.bss)
    MOTOR_B                                  0x20008204   Data          20  system.o(.bss)
    MOTOR_C                                  0x20008218   Data          20  system.o(.bss)
    MOTOR_D                                  0x2000822c   Data          20  system.o(.bss)
    SysVal                                   0x20008240   Data          12  system.o(.bss)
    OriginalEncoder                          0x2000824c   Data          16  balance.o(.bss)
    Robot_Parament                           0x2000825c   Data          24  robot_select_init.o(.bss)
    hhcd_USB_OTG_FS                          0x20008274   Data         992  usbh_conf.o(.bss)
    ps2key                                   0x20008694   Data         256  bsp_ps2.o(.bss)
    hUsbHostFS                               0x20008794   Data        1512  usb_host.o(.bss)
    __heap_base                              0x20008d80   Data           0  startup_stm32f40_41xxx.o(HEAP)
    __heap_limit                             0x20008f80   Data           0  startup_stm32f40_41xxx.o(HEAP)
    __initial_sp                             0x20009380   Data           0  startup_stm32f40_41xxx.o(STACK)



==============================================================================

Memory Map of the image

  Image Entry point : 0x08000189

  Load Region LR_IROM1 (Base: 0x08000000, Size: 0x0000fc24, Max: 0x00100000, ABSOLUTE, COMPRESSED[0x0000f9cc])

    Execution Region ER_IROM1 (Exec base: 0x08000000, Load base: 0x08000000, Size: 0x0000f8c0, Max: 0x00100000, ABSOLUTE)

    Exec Addr    Load Addr    Size         Type   Attr      Idx    E Section Name        Object

    0x08000000   0x08000000   0x00000188   Data   RO         1654    RESET               startup_stm32f40_41xxx.o
    0x08000188   0x08000188   0x00000000   Code   RO         6338  * .ARM.Collect$$$$00000000  mc_w.l(entry.o)
    0x08000188   0x08000188   0x00000004   Code   RO         6690    .ARM.Collect$$$$00000001  mc_w.l(entry2.o)
    0x0800018c   0x0800018c   0x00000004   Code   RO         6693    .ARM.Collect$$$$00000004  mc_w.l(entry5.o)
    0x08000190   0x08000190   0x00000000   Code   RO         6695    .ARM.Collect$$$$00000008  mc_w.l(entry7b.o)
    0x08000190   0x08000190   0x00000000   Code   RO         6697    .ARM.Collect$$$$0000000A  mc_w.l(entry8b.o)
    0x08000190   0x08000190   0x00000008   Code   RO         6698    .ARM.Collect$$$$0000000B  mc_w.l(entry9a.o)
    0x08000198   0x08000198   0x00000004   Code   RO         6705    .ARM.Collect$$$$0000000E  mc_w.l(entry12b.o)
    0x0800019c   0x0800019c   0x00000000   Code   RO         6700    .ARM.Collect$$$$0000000F  mc_w.l(entry10a.o)
    0x0800019c   0x0800019c   0x00000000   Code   RO         6702    .ARM.Collect$$$$00000011  mc_w.l(entry11a.o)
    0x0800019c   0x0800019c   0x00000004   Code   RO         6691    .ARM.Collect$$$$00002712  mc_w.l(entry2.o)
    0x080001a0   0x080001a0   0x000000b6   Code   RO         4847    .emb_text           port.o
    0x08000256   0x08000256   0x00000002   PAD
    0x08000258   0x08000258   0x00000024   Code   RO         1655    .text               startup_stm32f40_41xxx.o
    0x0800027c   0x0800027c   0x00000024   Code   RO         6341    .text               mc_w.l(memcpya.o)
    0x080002a0   0x080002a0   0x00000024   Code   RO         6343    .text               mc_w.l(memseta.o)
    0x080002c4   0x080002c4   0x0000014e   Code   RO         6640    .text               mf_w.l(dadd.o)
    0x08000412   0x08000412   0x000000e4   Code   RO         6642    .text               mf_w.l(dmul.o)
    0x080004f6   0x080004f6   0x000000de   Code   RO         6644    .text               mf_w.l(ddiv.o)
    0x080005d4   0x080005d4   0x00000022   Code   RO         6646    .text               mf_w.l(dflti.o)
    0x080005f6   0x080005f6   0x0000001a   Code   RO         6648    .text               mf_w.l(dfltui.o)
    0x08000610   0x08000610   0x00000026   Code   RO         6650    .text               mf_w.l(f2d.o)
    0x08000636   0x08000636   0x00000038   Code   RO         6652    .text               mf_w.l(d2f.o)
    0x0800066e   0x0800066e   0x0000002c   Code   RO         6706    .text               mc_w.l(uidiv.o)
    0x0800069a   0x0800069a   0x00000062   Code   RO         6708    .text               mc_w.l(uldiv.o)
    0x080006fc   0x080006fc   0x0000001e   Code   RO         6710    .text               mc_w.l(llshl.o)
    0x0800071a   0x0800071a   0x00000024   Code   RO         6712    .text               mc_w.l(llsshr.o)
    0x0800073e   0x0800073e   0x00000000   Code   RO         6723    .text               mc_w.l(iusefp.o)
    0x0800073e   0x0800073e   0x0000006e   Code   RO         6724    .text               mf_w.l(fepilogue.o)
    0x080007ac   0x080007ac   0x000000ba   Code   RO         6726    .text               mf_w.l(depilogue.o)
    0x08000866   0x08000866   0x0000002e   Code   RO         6730    .text               mf_w.l(dscalb.o)
    0x08000894   0x08000894   0x000000a2   Code   RO         6732    .text               mf_w.l(dsqrt.o)
    0x08000936   0x08000936   0x00000030   Code   RO         6734    .text               mf_w.l(dfixul.o)
    0x08000966   0x08000966   0x00000002   PAD
    0x08000968   0x08000968   0x00000030   Code   RO         6738    .text               mf_w.l(cdrcmple.o)
    0x08000998   0x08000998   0x00000024   Code   RO         6740    .text               mc_w.l(init.o)
    0x080009bc   0x080009bc   0x00000020   Code   RO         6742    .text               mc_w.l(llushr.o)
    0x080009dc   0x080009dc   0x0000003e   Code   RO         6744    .text               mf_w.l(dfixi.o)
    0x08000a1a   0x08000a1a   0x00000056   Code   RO         6754    .text               mc_w.l(__dczerorl2.o)
    0x08000a70   0x08000a70   0x00000014   Code   RO         2387    i.ADC_Cmd           stm32f4xx_adc.o
    0x08000a84   0x08000a84   0x0000002c   Code   RO         2388    i.ADC_CommonInit    stm32f4xx_adc.o
    0x08000ab0   0x08000ab0   0x00000006   Code   RO         2399    i.ADC_GetConversionValue  stm32f4xx_adc.o
    0x08000ab6   0x08000ab6   0x0000000e   Code   RO         2400    i.ADC_GetFlagStatus  stm32f4xx_adc.o
    0x08000ac4   0x08000ac4   0x0000004c   Code   RO         2407    i.ADC_Init          stm32f4xx_adc.o
    0x08000b10   0x08000b10   0x00000074   Code   RO         2412    i.ADC_RegularChannelConfig  stm32f4xx_adc.o
    0x08000b84   0x08000b84   0x0000000a   Code   RO         2414    i.ADC_SoftwareStartConv  stm32f4xx_adc.o
    0x08000b8e   0x08000b8e   0x00000002   PAD
    0x08000b90   0x08000b90   0x00000300   Code   RO         5304    i.APP_Show          show.o
    0x08000e90   0x08000e90   0x00000090   Code   RO         1070    i.AT_Command_Capture  usartx.o
    0x08000f20   0x08000f20   0x00000080   Code   RO          398    i.Adc_Init          adc.o
    0x08000fa0   0x08000fa0   0x00000080   Code   RO          399    i.Adc_POWER_Init    adc.o
    0x08001020   0x08001020   0x000001cc   Code   RO         5070    i.Along_Adjust_PID  balance.o
    0x080011ec   0x080011ec   0x00000284   Code   RO         5071    i.Balance_task      balance.o
    0x08001470   0x08001470   0x00000002   Code   RO          282    i.BusFault_Handler  stm32f4xx_it.o
    0x08001472   0x08001472   0x00000002   PAD
    0x08001474   0x08001474   0x00000020   Code   RO          626    i.Buzzer_Alarm      led.o
    0x08001494   0x08001494   0x00000034   Code   RO          627    i.Buzzer_Init       led.o
    0x080014c8   0x080014c8   0x00000078   Code   RO         5608    i.DeInitStateMachine  usbh_core.o
    0x08001540   0x08001540   0x00000002   Code   RO          283    i.DebugMon_Handler  stm32f4xx_it.o
    0x08001542   0x08001542   0x00000002   PAD
    0x08001544   0x08001544   0x00000054   Code   RO         5072    i.Detect_Barrier    balance.o
    0x08001598   0x08001598   0x000000d0   Code   RO         5073    i.Distance_Adjust_PID  balance.o
    0x08001668   0x08001668   0x0000000a   Code   RO          400    i.Dly_us            adc.o
    0x08001672   0x08001672   0x00000002   PAD
    0x08001674   0x08001674   0x000004fa   Code   RO         5074    i.Drive_Motor       balance.o
    0x08001b6e   0x08001b6e   0x00000002   PAD
    0x08001b70   0x08001b70   0x00000030   Code   RO          682    i.Enable_Pin        motor.o
    0x08001ba0   0x08001ba0   0x000000dc   Code   RO          495    i.Encoder_Init_TIM2  encoder.o
    0x08001c7c   0x08001c7c   0x000000bc   Code   RO          496    i.Encoder_Init_TIM3  encoder.o
    0x08001d38   0x08001d38   0x000000bc   Code   RO          497    i.Encoder_Init_TIM4  encoder.o
    0x08001df4   0x08001df4   0x000000bc   Code   RO          498    i.Encoder_Init_TIM5  encoder.o
    0x08001eb0   0x08001eb0   0x00000004   Code   RO         6246    i.Error_Handler     usbh_os_middleware.o
    0x08001eb4   0x08001eb4   0x000000f8   Code   RO          401    i.Find_CCD_Median   adc.o
    0x08001fac   0x08001fac   0x00000110   Code   RO         5075    i.Follow_Turn_PID   balance.o
    0x080020bc   0x080020bc   0x00000078   Code   RO         1706    i.GPIO_Init         stm32f4xx_gpio.o
    0x08002134   0x08002134   0x00000020   Code   RO         1707    i.GPIO_PinAFConfig  stm32f4xx_gpio.o
    0x08002154   0x08002154   0x00000004   Code   RO         1713    i.GPIO_ResetBits    stm32f4xx_gpio.o
    0x08002158   0x08002158   0x00000004   Code   RO         1714    i.GPIO_SetBits      stm32f4xx_gpio.o
    0x0800215c   0x0800215c   0x00000030   Code   RO          402    i.Get_Adc           adc.o
    0x0800218c   0x0800218c   0x00000030   Code   RO          403    i.Get_Adc2          adc.o
    0x080021bc   0x080021bc   0x000001c0   Code   RO         5076    i.Get_RC            balance.o
    0x0800237c   0x0800237c   0x00000190   Code   RO         5077    i.Get_RC_CCD        balance.o
    0x0800250c   0x0800250c   0x00000204   Code   RO         5078    i.Get_RC_ELE        balance.o
    0x08002710   0x08002710   0x00000124   Code   RO         5079    i.Get_Velocity_Form_Encoder  balance.o
    0x08002834   0x08002834   0x0000002e   Code   RO          404    i.Get_adc_Average   adc.o
    0x08002862   0x08002862   0x00000002   PAD
    0x08002864   0x08002864   0x00000068   Code   RO          405    i.Get_battery_volt  adc.o
    0x080028cc   0x080028cc   0x00000008   Code   RO         5958    i.HAL_HCD_Connect_Callback  usbh_conf.o
    0x080028d4   0x080028d4   0x00000008   Code   RO         5959    i.HAL_HCD_Disconnect_Callback  usbh_conf.o
    0x080028dc   0x080028dc   0x00000006   Code   RO         3458    i.HAL_HCD_GetCurrentFrame  stm32f4xx_hal_hcd.o
    0x080028e2   0x080028e2   0x00000006   Code   RO         3459    i.HAL_HCD_GetCurrentSpeed  stm32f4xx_hal_hcd.o
    0x080028e8   0x080028e8   0x00000018   Code   RO         3461    i.HAL_HCD_HC_ClearHubInfo  stm32f4xx_hal_hcd.o
    0x08002900   0x08002900   0x0000000e   Code   RO         3463    i.HAL_HCD_HC_GetURBState  stm32f4xx_hal_hcd.o
    0x0800290e   0x0800290e   0x0000000c   Code   RO         3464    i.HAL_HCD_HC_GetXferCount  stm32f4xx_hal_hcd.o
    0x0800291a   0x0800291a   0x00000024   Code   RO         3465    i.HAL_HCD_HC_Halt   stm32f4xx_hal_hcd.o
    0x0800293e   0x0800293e   0x0000009c   Code   RO         3466    i.HAL_HCD_HC_Init   stm32f4xx_hal_hcd.o
    0x080029da   0x080029da   0x00000008   Code   RO         5960    i.HAL_HCD_HC_NotifyURBChange_Callback  usbh_conf.o
    0x080029e2   0x080029e2   0x0000009a   Code   RO         3469    i.HAL_HCD_HC_SubmitRequest  stm32f4xx_hal_hcd.o
    0x08002a7c   0x08002a7c   0x00000140   Code   RO         3470    i.HAL_HCD_IRQHandler  stm32f4xx_hal_hcd.o
    0x08002bbc   0x08002bbc   0x00000070   Code   RO         3471    i.HAL_HCD_Init      stm32f4xx_hal_hcd.o
    0x08002c2c   0x08002c2c   0x0000006c   Code   RO         5962    i.HAL_HCD_MspInit   usbh_conf.o
    0x08002c98   0x08002c98   0x00000008   Code   RO         5963    i.HAL_HCD_PortDisabled_Callback  usbh_conf.o
    0x08002ca0   0x08002ca0   0x00000008   Code   RO         5964    i.HAL_HCD_PortEnabled_Callback  usbh_conf.o
    0x08002ca8   0x08002ca8   0x00000006   Code   RO         3476    i.HAL_HCD_ResetPort  stm32f4xx_hal_hcd.o
    0x08002cae   0x08002cae   0x00000008   Code   RO         5965    i.HAL_HCD_SOF_Callback  usbh_conf.o
    0x08002cb6   0x08002cb6   0x0000002c   Code   RO         3478    i.HAL_HCD_Start     stm32f4xx_hal_hcd.o
    0x08002ce2   0x08002ce2   0x00000024   Code   RO         3479    i.HAL_HCD_Stop      stm32f4xx_hal_hcd.o
    0x08002d06   0x08002d06   0x0000037c   Code   RO         3481    i.HCD_HC_IN_IRQHandler  stm32f4xx_hal_hcd.o
    0x08003082   0x08003082   0x000002e6   Code   RO         3482    i.HCD_HC_OUT_IRQHandler  stm32f4xx_hal_hcd.o
    0x08003368   0x08003368   0x00000094   Code   RO         3483    i.HCD_Port_IRQHandler  stm32f4xx_hal_hcd.o
    0x080033fc   0x080033fc   0x00000086   Code   RO         3484    i.HCD_RXQLVL_IRQHandler  stm32f4xx_hal_hcd.o
    0x08003482   0x08003482   0x00000002   Code   RO          284    i.HardFault_Handler  stm32f4xx_it.o
    0x08003484   0x08003484   0x00000040   Code   RO         1400    i.I2C_Ack           i2c.o
    0x080034c4   0x080034c4   0x00000044   Code   RO         1401    i.I2C_GPIOInit      i2c.o
    0x08003508   0x08003508   0x00000040   Code   RO         1402    i.I2C_NAck          i2c.o
    0x08003548   0x08003548   0x00000070   Code   RO         1404    i.I2C_ReadByte      i2c.o
    0x080035b8   0x080035b8   0x0000003e   Code   RO         1405    i.I2C_ReadOneByte   i2c.o
    0x080035f6   0x080035f6   0x00000002   PAD
    0x080035f8   0x080035f8   0x00000050   Code   RO         1406    i.I2C_Start         i2c.o
    0x08003648   0x08003648   0x00000040   Code   RO         1407    i.I2C_Stop          i2c.o
    0x08003688   0x08003688   0x00000054   Code   RO         1408    i.I2C_WaiteForAck   i2c.o
    0x080036dc   0x080036dc   0x00000060   Code   RO         1411    i.I2C_WriteByte     i2c.o
    0x0800373c   0x0800373c   0x00000008   Code   RO         1217    i.ICM20948_getDeviceID  icm20948.o
    0x08003744   0x08003744   0x0000007c   Code   RO         5080    i.Incremental_PI_A  balance.o
    0x080037c0   0x080037c0   0x0000007c   Code   RO         5081    i.Incremental_PI_B  balance.o
    0x0800383c   0x0800383c   0x0000007c   Code   RO         5082    i.Incremental_PI_C  balance.o
    0x080038b8   0x080038b8   0x0000007c   Code   RO         5083    i.Incremental_PI_D  balance.o
    0x08003934   0x08003934   0x0000002c   Code   RO          570    i.KEY_Init          key.o
    0x08003960   0x08003960   0x0000013c   Code   RO         5084    i.Lidar_Avoid       balance.o
    0x08003a9c   0x08003a9c   0x000001c4   Code   RO         5085    i.Lidar_Follow      balance.o
    0x08003c60   0x08003c60   0x000000fc   Code   RO         5086    i.Lidar_along_wall  balance.o
    0x08003d5c   0x08003d5c   0x00000090   Code   RO         5087    i.Limit_Pwm         balance.o
    0x08003dec   0x08003dec   0x00000008   Code   RO         1298    i.MPU6050_getDeviceID  mpu6050.o
    0x08003df4   0x08003df4   0x00000054   Code   RO         6210    i.MX_USB_HOST_Init  usb_host.o
    0x08003e48   0x08003e48   0x00000002   Code   RO          285    i.MemManage_Handler  stm32f4xx_it.o
    0x08003e4a   0x08003e4a   0x00000002   Code   RO          286    i.NMI_Handler       stm32f4xx_it.o
    0x08003e4c   0x08003e4c   0x00000064   Code   RO         1661    i.NVIC_Init         misc.o
    0x08003eb0   0x08003eb0   0x00000014   Code   RO         1662    i.NVIC_PriorityGroupConfig  misc.o
    0x08003ec4   0x08003ec4   0x0000002c   Code   RO          727    i.OLED_Clear        oled.o
    0x08003ef0   0x08003ef0   0x00000040   Code   RO          730    i.OLED_DrawBMP      oled.o
    0x08003f30   0x08003f30   0x0000003c   Code   RO          731    i.OLED_DrawPoint    oled.o
    0x08003f6c   0x08003f6c   0x0000002e   Code   RO          732    i.OLED_DrawPoint_Shu  oled.o
    0x08003f9a   0x08003f9a   0x00000002   PAD
    0x08003f9c   0x08003f9c   0x00000130   Code   RO          733    i.OLED_Init         oled.o
    0x080040cc   0x080040cc   0x00000048   Code   RO          734    i.OLED_Refresh_Gram  oled.o
    0x08004114   0x08004114   0x00000048   Code   RO          735    i.OLED_Refresh_Line  oled.o
    0x0800415c   0x0800415c   0x00000028   Code   RO          736    i.OLED_Set_Pos      oled.o
    0x08004184   0x08004184   0x00000084   Code   RO          739    i.OLED_ShowChar     oled.o
    0x08004208   0x08004208   0x00000078   Code   RO          742    i.OLED_ShowNumber   oled.o
    0x08004280   0x08004280   0x0000003e   Code   RO          743    i.OLED_ShowString   oled.o
    0x080042be   0x080042be   0x00000002   PAD
    0x080042c0   0x080042c0   0x00000034   Code   RO          745    i.OLED_Show_CCD     oled.o
    0x080042f4   0x080042f4   0x00000044   Code   RO          747    i.OLED_WR_Byte      oled.o
    0x08004338   0x08004338   0x0000000c   Code   RO         6247    i.OTG_FS_IRQHandler  usbh_os_middleware.o
    0x08004344   0x08004344   0x00000074   Code   RO          895    i.PS2Control_Reset  pstwo.o
    0x080043b8   0x080043b8   0x0000000c   Code   RO          896    i.PS2Control_Set    pstwo.o
    0x080043c4   0x080043c4   0x00000018   Code   RO          898    i.PS2_ClearData     pstwo.o
    0x080043dc   0x080043dc   0x00000084   Code   RO          899    i.PS2_Cmd           pstwo.o
    0x08004460   0x08004460   0x000001e0   Code   RO         5088    i.PS2_Control       balance.o
    0x08004640   0x08004640   0x00000040   Code   RO          900    i.PS2_DataKey       pstwo.o
    0x08004680   0x08004680   0x0000005c   Code   RO          901    i.PS2_EnterConfing  pstwo.o
    0x080046dc   0x080046dc   0x0000005c   Code   RO          902    i.PS2_ExitConfing   pstwo.o
    0x08004738   0x08004738   0x00000054   Code   RO          903    i.PS2_Init          pstwo.o
    0x0800478c   0x0800478c   0x00000120   Code   RO          904    i.PS2_Read          pstwo.o
    0x080048ac   0x080048ac   0x000000a8   Code   RO          905    i.PS2_ReadData      pstwo.o
    0x08004954   0x08004954   0x0000001e   Code   RO          908    i.PS2_SetInit       pstwo.o
    0x08004972   0x08004972   0x00000002   PAD
    0x08004974   0x08004974   0x00000044   Code   RO          909    i.PS2_ShortPoll     pstwo.o
    0x080049b8   0x080049b8   0x00000058   Code   RO          910    i.PS2_TurnOnAnalogMode  pstwo.o
    0x08004a10   0x08004a10   0x0000000c   Code   RO         3333    i.PWR_BackupAccessCmd  stm32f4xx_pwr.o
    0x08004a1c   0x08004a1c   0x00000018   Code   RO         1803    i.RCC_AHB1PeriphClockCmd  stm32f4xx_rcc.o
    0x08004a34   0x08004a34   0x00000018   Code   RO         1806    i.RCC_AHB2PeriphClockCmd  stm32f4xx_rcc.o
    0x08004a4c   0x08004a4c   0x00000018   Code   RO         1808    i.RCC_AHB2PeriphResetCmd  stm32f4xx_rcc.o
    0x08004a64   0x08004a64   0x00000018   Code   RO         1812    i.RCC_APB1PeriphClockCmd  stm32f4xx_rcc.o
    0x08004a7c   0x08004a7c   0x00000018   Code   RO         1815    i.RCC_APB2PeriphClockCmd  stm32f4xx_rcc.o
    0x08004a94   0x08004a94   0x00000018   Code   RO         1817    i.RCC_APB2PeriphResetCmd  stm32f4xx_rcc.o
    0x08004aac   0x08004aac   0x00000090   Code   RO         1824    i.RCC_GetClocksFreq  stm32f4xx_rcc.o
    0x08004b3c   0x08004b3c   0x0000001c   Code   RO         1833    i.RCC_LSEConfig     stm32f4xx_rcc.o
    0x08004b58   0x08004b58   0x00000120   Code   RO         5089    i.RC_Lidar_Aviod    balance.o
    0x08004c78   0x08004c78   0x00000080   Code   RO          406    i.RD_TSL            adc.o
    0x08004cf8   0x08004cf8   0x00000040   Code   RO          499    i.Read_Encoder      encoder.o
    0x08004d38   0x08004d38   0x00000098   Code   RO         5275    i.Robot_Init        robot_select_init.o
    0x08004dd0   0x08004dd0   0x00000128   Code   RO         5276    i.Robot_Select      robot_select_init.o
    0x08004ef8   0x08004ef8   0x00000012   Code   RO         1555    i.SYS_VAL_t_Init    sys.o
    0x08004f0a   0x08004f0a   0x00000002   PAD
    0x08004f0c   0x08004f0c   0x000000b4   Code   RO          361    i.SetSysClock       system_stm32f4xx.o
    0x08004fc0   0x08004fc0   0x00000074   Code   RO         5090    i.Set_Pwm           balance.o
    0x08005034   0x08005034   0x00000154   Code   RO         5091    i.Smooth_control    balance.o
    0x08005188   0x08005188   0x00000018   Code   RO         1665    i.SysTick_CLKSourceConfig  misc.o
    0x080051a0   0x080051a0   0x00000014   Code   RO         1498    i.SysTick_Handler   delay.o
    0x080051b4   0x080051b4   0x0000005c   Code   RO          363    i.SystemInit        system_stm32f4xx.o
    0x08005210   0x08005210   0x0000002e   Code   RO         2786    i.TI1_Config        stm32f4xx_tim.o
    0x0800523e   0x0800523e   0x00000036   Code   RO         2787    i.TI2_Config        stm32f4xx_tim.o
    0x08005274   0x08005274   0x000000a0   Code   RO          683    i.TIM10_PWM_Init    motor.o
    0x08005314   0x08005314   0x000000a8   Code   RO          684    i.TIM11_PWM_Init    motor.o
    0x080053bc   0x080053bc   0x000000f8   Code   RO          685    i.TIM1_PWM_Init     motor.o
    0x080054b4   0x080054b4   0x00000010   Code   RO          500    i.TIM2_IRQHandler   encoder.o
    0x080054c4   0x080054c4   0x00000014   Code   RO          501    i.TIM3_IRQHandler   encoder.o
    0x080054d8   0x080054d8   0x00000014   Code   RO          502    i.TIM4_IRQHandler   encoder.o
    0x080054ec   0x080054ec   0x00000014   Code   RO          503    i.TIM5_IRQHandler   encoder.o
    0x08005500   0x08005500   0x00000014   Code   RO          504    i.TIM8_BRK_TIM12_IRQHandler  encoder.o
    0x08005514   0x08005514   0x000000b0   Code   RO         1050    i.TIM8_SERVO_Init   timer.o
    0x080055c4   0x080055c4   0x000000b8   Code   RO          686    i.TIM9_PWM_Init     motor.o
    0x0800567c   0x0800567c   0x00000014   Code   RO         2788    i.TIM_ARRPreloadConfig  stm32f4xx_tim.o
    0x08005690   0x08005690   0x00000006   Code   RO         2794    i.TIM_ClearFlag     stm32f4xx_tim.o
    0x08005696   0x08005696   0x00000014   Code   RO         2800    i.TIM_Cmd           stm32f4xx_tim.o
    0x080056aa   0x080056aa   0x00000016   Code   RO         2802    i.TIM_CtrlPWMOutputs  stm32f4xx_tim.o
    0x080056c0   0x080056c0   0x00000032   Code   RO         2809    i.TIM_EncoderInterfaceConfig  stm32f4xx_tim.o
    0x080056f2   0x080056f2   0x000000ac   Code   RO         2823    i.TIM_ICInit        stm32f4xx_tim.o
    0x0800579e   0x0800579e   0x00000010   Code   RO         2824    i.TIM_ICStructInit  stm32f4xx_tim.o
    0x080057ae   0x080057ae   0x00000010   Code   RO         2825    i.TIM_ITConfig      stm32f4xx_tim.o
    0x080057be   0x080057be   0x00000002   PAD
    0x080057c0   0x080057c0   0x00000060   Code   RO         2829    i.TIM_OC1Init       stm32f4xx_tim.o
    0x08005820   0x08005820   0x0000000c   Code   RO         2832    i.TIM_OC1PreloadConfig  stm32f4xx_tim.o
    0x0800582c   0x0800582c   0x00000080   Code   RO         2834    i.TIM_OC2Init       stm32f4xx_tim.o
    0x080058ac   0x080058ac   0x00000014   Code   RO         2837    i.TIM_OC2PreloadConfig  stm32f4xx_tim.o
    0x080058c0   0x080058c0   0x0000007c   Code   RO         2839    i.TIM_OC3Init       stm32f4xx_tim.o
    0x0800593c   0x0800593c   0x0000000c   Code   RO         2842    i.TIM_OC3PreloadConfig  stm32f4xx_tim.o
    0x08005948   0x08005948   0x00000060   Code   RO         2844    i.TIM_OC4Init       stm32f4xx_tim.o
    0x080059a8   0x080059a8   0x00000014   Code   RO         2846    i.TIM_OC4PreloadConfig  stm32f4xx_tim.o
    0x080059bc   0x080059bc   0x00000004   Code   RO         2866    i.TIM_SetCounter    stm32f4xx_tim.o
    0x080059c0   0x080059c0   0x00000010   Code   RO         2867    i.TIM_SetIC1Prescaler  stm32f4xx_tim.o
    0x080059d0   0x080059d0   0x00000018   Code   RO         2868    i.TIM_SetIC2Prescaler  stm32f4xx_tim.o
    0x080059e8   0x080059e8   0x00000010   Code   RO         2869    i.TIM_SetIC3Prescaler  stm32f4xx_tim.o
    0x080059f8   0x080059f8   0x00000018   Code   RO         2870    i.TIM_SetIC4Prescaler  stm32f4xx_tim.o
    0x08005a10   0x08005a10   0x0000007c   Code   RO         2872    i.TIM_TimeBaseInit  stm32f4xx_tim.o
    0x08005a8c   0x08005a8c   0x00000012   Code   RO         2873    i.TIM_TimeBaseStructInit  stm32f4xx_tim.o
    0x08005a9e   0x08005a9e   0x00000002   PAD
    0x08005aa0   0x08005aa0   0x00000050   Code   RO         5092    i.Turn_Off          balance.o
    0x08005af0   0x08005af0   0x00000178   Code   RO         1071    i.UART5_IRQHandler  usartx.o
    0x08005c68   0x08005c68   0x00000020   Code   RO         1072    i.USART1_IRQHandler  usartx.o
    0x08005c88   0x08005c88   0x00000300   Code   RO         1073    i.USART2_IRQHandler  usartx.o
    0x08005f88   0x08005f88   0x00000014   Code   RO         2197    i.USART_Cmd         stm32f4xx_usart.o
    0x08005f9c   0x08005f9c   0x0000003e   Code   RO         2201    i.USART_GetITStatus  stm32f4xx_usart.o
    0x08005fda   0x08005fda   0x00000030   Code   RO         2203    i.USART_ITConfig    stm32f4xx_usart.o
    0x0800600a   0x0800600a   0x00000002   PAD
    0x0800600c   0x0800600c   0x000000ac   Code   RO         2204    i.USART_Init        stm32f4xx_usart.o
    0x080060b8   0x080060b8   0x00000008   Code   RO         2211    i.USART_ReceiveData  stm32f4xx_usart.o
    0x080060c0   0x080060c0   0x00000038   Code   RO         5920    i.USBH_AllocPipe    usbh_pipes.o
    0x080060f8   0x080060f8   0x0000000a   Code   RO         5921    i.USBH_ClosePipe    usbh_pipes.o
    0x08006102   0x08006102   0x0000001e   Code   RO         5752    i.USBH_ClrFeature   usbh_ctlreq.o
    0x08006120   0x08006120   0x00000022   Code   RO         5854    i.USBH_CtlReceiveData  usbh_ioreq.o
    0x08006142   0x08006142   0x00000060   Code   RO         5753    i.USBH_CtlReq       usbh_ctlreq.o
    0x080061a2   0x080061a2   0x0000002a   Code   RO         5855    i.USBH_CtlSendData  usbh_ioreq.o
    0x080061cc   0x080061cc   0x0000001e   Code   RO         5856    i.USBH_CtlSendSetup  usbh_ioreq.o
    0x080061ea   0x080061ea   0x00000004   Code   RO         5966    i.USBH_Delay        usbh_conf.o
    0x080061ee   0x080061ee   0x00000042   Code   RO         5610    i.USBH_FindInterface  usbh_core.o
    0x08006230   0x08006230   0x00000018   Code   RO         5922    i.USBH_FreePipe     usbh_pipes.o
    0x08006248   0x08006248   0x00000036   Code   RO         5754    i.USBH_GetDescriptor  usbh_ctlreq.o
    0x0800627e   0x0800627e   0x0000000e   Code   RO         5755    i.USBH_GetNextDesc  usbh_ctlreq.o
    0x0800628c   0x0800628c   0x00000036   Code   RO         5756    i.USBH_Get_CfgDesc  usbh_ctlreq.o
    0x080062c2   0x080062c2   0x00000036   Code   RO         5757    i.USBH_Get_DevDesc  usbh_ctlreq.o
    0x080062f8   0x080062f8   0x00000054   Code   RO         5758    i.USBH_Get_StringDesc  usbh_ctlreq.o
    0x0800634c   0x0800634c   0x00000018   Code   RO         5967    i.USBH_Get_USB_Status  usbh_conf.o
    0x08006364   0x08006364   0x000000be   Code   RO         6119    i.USBH_HID_ClassRequest  bsp_ps2.o
    0x08006422   0x08006422   0x00000002   PAD
    0x08006424   0x08006424   0x00000154   Code   RO          913    i.USBH_HID_EventCallback  pstwo.o
    0x08006578   0x08006578   0x0000000e   Code   RO         5362    i.USBH_HID_FifoInit  usbh_hid.o
    0x08006586   0x08006586   0x00000044   Code   RO         5363    i.USBH_HID_FifoRead  usbh_hid.o
    0x080065ca   0x080065ca   0x00000052   Code   RO         5364    i.USBH_HID_FifoWrite  usbh_hid.o
    0x0800661c   0x0800661c   0x0000001e   Code   RO         5367    i.USBH_HID_GetHIDReportDescriptor  usbh_hid.o
    0x0800663a   0x0800663a   0x00000022   Code   RO         5369    i.USBH_HID_GetReport  usbh_hid.o
    0x0800665c   0x0800665c   0x00000064   Code   RO         6120    i.USBH_HID_InterfaceDeInit  bsp_ps2.o
    0x080066c0   0x080066c0   0x00000158   Code   RO         6121    i.USBH_HID_InterfaceInit  bsp_ps2.o
    0x08006818   0x08006818   0x00000034   Code   RO         6122    i.USBH_HID_PS2Init  bsp_ps2.o
    0x0800684c   0x0800684c   0x0000005c   Code   RO         6123    i.USBH_HID_PS2_Decode  bsp_ps2.o
    0x080068a8   0x080068a8   0x0000010e   Code   RO         6124    i.USBH_HID_Process  bsp_ps2.o
    0x080069b6   0x080069b6   0x0000003c   Code   RO         6125    i.USBH_HID_SOFProcess  bsp_ps2.o
    0x080069f2   0x080069f2   0x0000001a   Code   RO         5374    i.USBH_HID_SetIdle  usbh_hid.o
    0x08006a0c   0x08006a0c   0x00000020   Code   RO         5375    i.USBH_HID_SetProtocol  usbh_hid.o
    0x08006a2c   0x08006a2c   0x000001ac   Code   RO         5759    i.USBH_HandleControl  usbh_ctlreq.o
    0x08006bd8   0x08006bd8   0x00000194   Code   RO         5613    i.USBH_HandleEnum   usbh_core.o
    0x08006d6c   0x08006d6c   0x00000074   Code   RO         5614    i.USBH_Init         usbh_core.o
    0x08006de0   0x08006de0   0x00000022   Code   RO         5857    i.USBH_InterruptReceiveData  usbh_ioreq.o
    0x08006e02   0x08006e02   0x00000012   Code   RO         5968    i.USBH_LL_ClosePipe  usbh_conf.o
    0x08006e14   0x08006e14   0x0000002c   Code   RO         5616    i.USBH_LL_Connect   usbh_core.o
    0x08006e40   0x08006e40   0x00000042   Code   RO         5617    i.USBH_LL_Disconnect  usbh_core.o
    0x08006e82   0x08006e82   0x0000000c   Code   RO         5970    i.USBH_LL_DriverVBUS  usbh_conf.o
    0x08006e8e   0x08006e8e   0x00000008   Code   RO         5971    i.USBH_LL_GetLastXferSize  usbh_conf.o
    0x08006e96   0x08006e96   0x00000022   Code   RO         5972    i.USBH_LL_GetSpeed  usbh_conf.o
    0x08006eb8   0x08006eb8   0x00000008   Code   RO         5974    i.USBH_LL_GetURBState  usbh_conf.o
    0x08006ec0   0x08006ec0   0x0000001e   Code   RO         5618    i.USBH_LL_IncTimer  usbh_core.o
    0x08006ede   0x08006ede   0x00000002   PAD
    0x08006ee0   0x08006ee0   0x00000050   Code   RO         5975    i.USBH_LL_Init      usbh_conf.o
    0x08006f30   0x08006f30   0x0000001e   Code   RO         5619    i.USBH_LL_NotifyURBChange  usbh_core.o
    0x08006f4e   0x08006f4e   0x0000001c   Code   RO         5976    i.USBH_LL_OpenPipe  usbh_conf.o
    0x08006f6a   0x08006f6a   0x00000008   Code   RO         5620    i.USBH_LL_PortDisabled  usbh_core.o
    0x08006f72   0x08006f72   0x00000020   Code   RO         5621    i.USBH_LL_PortEnabled  usbh_core.o
    0x08006f92   0x08006f92   0x00000012   Code   RO         5977    i.USBH_LL_ResetPort  usbh_conf.o
    0x08006fa4   0x08006fa4   0x00000006   Code   RO         5622    i.USBH_LL_SetTimer  usbh_core.o
    0x08006faa   0x08006faa   0x0000001e   Code   RO         5978    i.USBH_LL_SetToggle  usbh_conf.o
    0x08006fc8   0x08006fc8   0x00000012   Code   RO         5979    i.USBH_LL_Start     usbh_conf.o
    0x08006fda   0x08006fda   0x00000012   Code   RO         5980    i.USBH_LL_Stop      usbh_conf.o
    0x08006fec   0x08006fec   0x00000022   Code   RO         5981    i.USBH_LL_SubmitURB  usbh_conf.o
    0x0800700e   0x0800700e   0x00000014   Code   RO         5923    i.USBH_OpenPipe     usbh_pipes.o
    0x08007022   0x08007022   0x0000014a   Code   RO         5760    i.USBH_ParseCfgDesc  usbh_ctlreq.o
    0x0800716c   0x0800716c   0x0000007c   Code   RO         5761    i.USBH_ParseDevDesc  usbh_ctlreq.o
    0x080071e8   0x080071e8   0x000000b0   Code   RO         5762    i.USBH_ParseEPDesc  usbh_ctlreq.o
    0x08007298   0x08007298   0x00000284   Code   RO         5623    i.USBH_Process      usbh_core.o
    0x0800751c   0x0800751c   0x0000002c   Code   RO         5624    i.USBH_Process_OS   usbh_core.o
    0x08007548   0x08007548   0x00000024   Code   RO         5626    i.USBH_RegisterClass  usbh_core.o
    0x0800756c   0x0800756c   0x00000016   Code   RO         5627    i.USBH_SelectInterface  usbh_core.o
    0x08007582   0x08007582   0x0000001c   Code   RO         5763    i.USBH_SetAddress   usbh_ctlreq.o
    0x0800759e   0x0800759e   0x0000001c   Code   RO         5764    i.USBH_SetCfg       usbh_ctlreq.o
    0x080075ba   0x080075ba   0x0000001c   Code   RO         5765    i.USBH_SetFeature   usbh_ctlreq.o
    0x080075d6   0x080075d6   0x00000014   Code   RO         5628    i.USBH_Start        usbh_core.o
    0x080075ea   0x080075ea   0x00000002   PAD
    0x080075ec   0x080075ec   0x00000020   Code   RO         6211    i.USBH_UserProcess  usb_host.o
    0x0800760c   0x0800760c   0x00000084   Code   RO         3650    i.USB_CoreInit      stm32f4xx_ll_usb.o
    0x08007690   0x08007690   0x0000003c   Code   RO         3651    i.USB_CoreReset     stm32f4xx_ll_usb.o
    0x080076cc   0x080076cc   0x0000000c   Code   RO         3658    i.USB_DisableGlobalInt  stm32f4xx_ll_usb.o
    0x080076d8   0x080076d8   0x00000024   Code   RO         3659    i.USB_DoPing        stm32f4xx_ll_usb.o
    0x080076fc   0x080076fc   0x0000002c   Code   RO         3660    i.USB_DriveVbus     stm32f4xx_ll_usb.o
    0x08007728   0x08007728   0x0000000c   Code   RO         3666    i.USB_EnableGlobalInt  stm32f4xx_ll_usb.o
    0x08007734   0x08007734   0x00000038   Code   RO         3667    i.USB_FlushRxFifo   stm32f4xx_ll_usb.o
    0x0800776c   0x0800776c   0x0000003c   Code   RO         3668    i.USB_FlushTxFifo   stm32f4xx_ll_usb.o
    0x080077a8   0x080077a8   0x00000008   Code   RO         3669    i.USB_GetCurrentFrame  stm32f4xx_ll_usb.o
    0x080077b0   0x080077b0   0x0000000e   Code   RO         3671    i.USB_GetHostSpeed  stm32f4xx_ll_usb.o
    0x080077be   0x080077be   0x00000008   Code   RO         3672    i.USB_GetMode       stm32f4xx_ll_usb.o
    0x080077c6   0x080077c6   0x000000d4   Code   RO         3673    i.USB_HC_Halt       stm32f4xx_ll_usb.o
    0x0800789a   0x0800789a   0x00000002   PAD
    0x0800789c   0x0800789c   0x00000118   Code   RO         3674    i.USB_HC_Init       stm32f4xx_ll_usb.o
    0x080079b4   0x080079b4   0x00000008   Code   RO         3675    i.USB_HC_ReadInterrupt  stm32f4xx_ll_usb.o
    0x080079bc   0x080079bc   0x0000025c   Code   RO         3676    i.USB_HC_StartXfer  stm32f4xx_ll_usb.o
    0x08007c18   0x08007c18   0x000000d0   Code   RO         3677    i.USB_HostInit      stm32f4xx_ll_usb.o
    0x08007ce8   0x08007ce8   0x00000038   Code   RO         3678    i.USB_InitFSLSPClkSel  stm32f4xx_ll_usb.o
    0x08007d20   0x08007d20   0x00000010   Code   RO         3679    i.USB_ReadChInterrupts  stm32f4xx_ll_usb.o
    0x08007d30   0x08007d30   0x00000008   Code   RO         3684    i.USB_ReadInterrupts  stm32f4xx_ll_usb.o
    0x08007d38   0x08007d38   0x0000003e   Code   RO         3685    i.USB_ReadPacket    stm32f4xx_ll_usb.o
    0x08007d76   0x08007d76   0x00000032   Code   RO         3686    i.USB_ResetPort     stm32f4xx_ll_usb.o
    0x08007da8   0x08007da8   0x0000005c   Code   RO         3687    i.USB_SetCurrentMode  stm32f4xx_ll_usb.o
    0x08007e04   0x08007e04   0x0000008a   Code   RO         3692    i.USB_StopHost      stm32f4xx_ll_usb.o
    0x08007e8e   0x08007e8e   0x00000026   Code   RO         3693    i.USB_WritePacket   stm32f4xx_ll_usb.o
    0x08007eb4   0x08007eb4   0x00000002   Code   RO          287    i.UsageFault_Handler  stm32f4xx_it.o
    0x08007eb6   0x08007eb6   0x00000002   PAD
    0x08007eb8   0x08007eb8   0x00000040   Code   RO          629    i.V1_0_LED_Init     led.o
    0x08007ef8   0x08007ef8   0x00000040   Code   RO          630    i.V1_1_LED_Init     led.o
    0x08007f38   0x08007f38   0x00000178   Code   RO         6126    i.Wired_PS2_Decode  bsp_ps2.o
    0x080080b0   0x080080b0   0x00000150   Code   RO         6127    i.Wiredless_Android_PS2_Decode  bsp_ps2.o
    0x08008200   0x08008200   0x00000174   Code   RO         6128    i.Wiredless_PC_PS2_Decode  bsp_ps2.o
    0x08008374   0x08008374   0x00000020   Code   RO         6584    i.__0printf         mc_w.l(printfa.o)
    0x08008394   0x08008394   0x00000030   Code   RO         6674    i.__ARM_fpclassify  m_wm.l(fpclassify.o)
    0x080083c4   0x080083c4   0x00000004   PAD
    0x080083c8   0x080083c8   0x00000c50   Code   RO         6300    i.__hardfp_pow      m_wm.l(pow.o)
    0x08009018   0x08009018   0x0000007a   Code   RO         6314    i.__hardfp_sqrt     m_wm.l(sqrt.o)
    0x08009092   0x08009092   0x00000006   PAD
    0x08009098   0x08009098   0x00000080   Code   RO         6326    i.__hardfp_tan      m_wm.l(tan.o)
    0x08009118   0x08009118   0x00000438   Code   RO         6679    i.__ieee754_rem_pio2  m_wm.l(rred.o)
    0x08009550   0x08009550   0x000000f8   Code   RO         6676    i.__kernel_poly     m_wm.l(poly.o)
    0x08009648   0x08009648   0x00000350   Code   RO         6684    i.__kernel_tan      m_wm.l(tan_i.o)
    0x08009998   0x08009998   0x00000030   Code   RO         6654    i.__mathlib_dbl_divzero  m_wm.l(dunder.o)
    0x080099c8   0x080099c8   0x00000014   Code   RO         6655    i.__mathlib_dbl_infnan  m_wm.l(dunder.o)
    0x080099dc   0x080099dc   0x00000014   Code   RO         6656    i.__mathlib_dbl_infnan2  m_wm.l(dunder.o)
    0x080099f0   0x080099f0   0x00000020   Code   RO         6657    i.__mathlib_dbl_invalid  m_wm.l(dunder.o)
    0x08009a10   0x08009a10   0x00000020   Code   RO         6658    i.__mathlib_dbl_overflow  m_wm.l(dunder.o)
    0x08009a30   0x08009a30   0x00000020   Code   RO         6660    i.__mathlib_dbl_underflow  m_wm.l(dunder.o)
    0x08009a50   0x08009a50   0x0000000e   Code   RO         6748    i.__scatterload_copy  mc_w.l(handlers.o)
    0x08009a5e   0x08009a5e   0x00000002   Code   RO         6749    i.__scatterload_null  mc_w.l(handlers.o)
    0x08009a60   0x08009a60   0x0000000e   Code   RO         6750    i.__scatterload_zeroinit  mc_w.l(handlers.o)
    0x08009a6e   0x08009a6e   0x00000002   PAD
    0x08009a70   0x08009a70   0x0000000c   Code   RO         6718    i.__set_errno       mc_w.l(errno.o)
    0x08009a7c   0x08009a7c   0x00000184   Code   RO         6591    i._fp_digits        mc_w.l(printfa.o)
    0x08009c00   0x08009c00   0x000006b4   Code   RO         6592    i._printf_core      mc_w.l(printfa.o)
    0x0800a2b4   0x0800a2b4   0x00000024   Code   RO         6593    i._printf_post_padding  mc_w.l(printfa.o)
    0x0800a2d8   0x0800a2d8   0x0000002e   Code   RO         6594    i._printf_pre_padding  mc_w.l(printfa.o)
    0x0800a306   0x0800a306   0x00000002   PAD
    0x0800a308   0x0800a308   0x0000006c   Code   RO          407    i.adc_task          adc.o
    0x0800a374   0x0800a374   0x000000bc   Code   RO          408    i.ccd_Init          adc.o
    0x0800a430   0x0800a430   0x0000008c   Code   RO          574    i.click_N_Double    key.o
    0x0800a4bc   0x0800a4bc   0x00000134   Code   RO         1077    i.data_process      usartx.o
    0x0800a5f0   0x0800a5f0   0x00000038   Code   RO         1499    i.delay_init        delay.o
    0x0800a628   0x0800a628   0x00000038   Code   RO         1500    i.delay_ms          delay.o
    0x0800a660   0x0800a660   0x00000034   Code   RO         1501    i.delay_us          delay.o
    0x0800a694   0x0800a694   0x00000048   Code   RO          409    i.ele_Init          adc.o
    0x0800a6dc   0x0800a6dc   0x00000018   Code   RO         6670    i.fabs              m_wm.l(fabs.o)
    0x0800a6f4   0x0800a6f4   0x00000010   Code   RO         5093    i.float_abs         balance.o
    0x0800a704   0x0800a704   0x00000018   Code   RO         1599    i.fputc             usart.o
    0x0800a71c   0x0800a71c   0x00000050   Code   RO         6612    i.free              mc_w.l(malloc.o)
    0x0800a76c   0x0800a76c   0x0000001c   Code   RO         1503    i.getSysTickCnt     delay.o
    0x0800a788   0x0800a788   0x00000044   Code   RO          631    i.led_task          led.o
    0x0800a7cc   0x0800a7cc   0x00000038   Code   RO            3    i.main              main.o
    0x0800a804   0x0800a804   0x0000006c   Code   RO         6613    i.malloc            mc_w.l(malloc.o)
    0x0800a870   0x0800a870   0x00000008   Code   RO         5095    i.myabs             balance.o
    0x0800a878   0x0800a878   0x00000010   Code   RO          748    i.oled_pow          oled.o
    0x0800a888   0x0800a888   0x00000c9c   Code   RO         5305    i.oled_show         show.o
    0x0800b524   0x0800b524   0x00000068   Code   RO         6248    i.osMessageQueueGet  usbh_os_middleware.o
    0x0800b58c   0x0800b58c   0x00000050   Code   RO         6249    i.osMessageQueuePut  usbh_os_middleware.o
    0x0800b5dc   0x0800b5dc   0x00000070   Code   RO         4366    i.prvAddCurrentTaskToDelayedList  tasks.o
    0x0800b64c   0x0800b64c   0x000000d0   Code   RO         4367    i.prvAddNewTaskToReadyList  tasks.o
    0x0800b71c   0x0800b71c   0x00000050   Code   RO         4719    i.prvCheckForValidListAndQueue  timers.o
    0x0800b76c   0x0800b76c   0x00000054   Code   RO         4368    i.prvCheckTasksWaitingTermination  tasks.o
    0x0800b7c0   0x0800b7c0   0x00000026   Code   RO         4143    i.prvCopyDataFromQueue  queue.o
    0x0800b7e6   0x0800b7e6   0x0000006c   Code   RO         4144    i.prvCopyDataToQueue  queue.o
    0x0800b852   0x0800b852   0x00000014   Code   RO         4369    i.prvDeleteTCB      tasks.o
    0x0800b866   0x0800b866   0x00000002   PAD
    0x0800b868   0x0800b868   0x0000004c   Code   RO         4932    i.prvHeapInit       heap_4.o
    0x0800b8b4   0x0800b8b4   0x00000028   Code   RO         4370    i.prvIdleTask       tasks.o
    0x0800b8dc   0x0800b8dc   0x000000c0   Code   RO         4371    i.prvInitialiseNewTask  tasks.o
    0x0800b99c   0x0800b99c   0x0000004c   Code   RO         4933    i.prvInsertBlockIntoFreeList  heap_4.o
    0x0800b9e8   0x0800b9e8   0x00000038   Code   RO         4720    i.prvInsertTimerInActiveList  timers.o
    0x0800ba20   0x0800ba20   0x0000001a   Code   RO         4145    i.prvIsQueueEmpty   queue.o
    0x0800ba3a   0x0800ba3a   0x00000002   PAD
    0x0800ba3c   0x0800ba3c   0x00000090   Code   RO         4146    i.prvNotifyQueueSetContainer  queue.o
    0x0800bacc   0x0800bacc   0x00000060   Code   RO         4721    i.prvProcessExpiredTimer  timers.o
    0x0800bb2c   0x0800bb2c   0x000000f0   Code   RO         4722    i.prvProcessReceivedCommands  timers.o
    0x0800bc1c   0x0800bc1c   0x0000006c   Code   RO         4723    i.prvProcessTimerOrBlockTask  timers.o
    0x0800bc88   0x0800bc88   0x00000020   Code   RO         4373    i.prvResetNextTaskUnblockTime  tasks.o
    0x0800bca8   0x0800bca8   0x00000028   Code   RO         4724    i.prvSampleTimeNow  timers.o
    0x0800bcd0   0x0800bcd0   0x0000006c   Code   RO         4725    i.prvSwitchTimerLists  timers.o
    0x0800bd3c   0x0800bd3c   0x00000064   Code   RO         4848    i.prvTaskExitError  port.o
    0x0800bda0   0x0800bda0   0x00000028   Code   RO         4726    i.prvTimerTask      timers.o
    0x0800bdc8   0x0800bdc8   0x00000078   Code   RO         4147    i.prvUnlockQueue    queue.o
    0x0800be40   0x0800be40   0x000000a0   Code   RO         6129    i.ps2_checkkey      bsp_ps2.o
    0x0800bee0   0x0800bee0   0x00000010   Code   RO         6130    i.ps2_checkkeystate  bsp_ps2.o
    0x0800bef0   0x0800bef0   0x00000014   Code   RO         6131    i.ps2_set_bit       bsp_ps2.o
    0x0800bf04   0x0800bf04   0x00000030   Code   RO          914    i.pstwo_task        pstwo.o
    0x0800bf34   0x0800bf34   0x00000114   Code   RO         4934    i.pvPortMalloc      heap_4.o
    0x0800c048   0x0800c048   0x00000018   Code   RO         4375    i.pvTaskIncrementMutexHeldCount  tasks.o
    0x0800c060   0x0800c060   0x0000002c   Code   RO         4849    i.pxPortInitialiseStack  port.o
    0x0800c08c   0x0800c08c   0x00000124   Code   RO         5306    i.show_task         show.o
    0x0800c1b0   0x0800c1b0   0x0000006e   Code   RO         6316    i.sqrt              m_wm.l(sqrt.o)
    0x0800c21e   0x0800c21e   0x00000002   PAD
    0x0800c220   0x0800c220   0x000000c8   Code   RO            4    i.start_task        main.o
    0x0800c2e8   0x0800c2e8   0x000000e4   Code   RO         4989    i.systemInit        system.o
    0x0800c3cc   0x0800c3cc   0x00000020   Code   RO         5097    i.target_limit_float  balance.o
    0x0800c3ec   0x0800c3ec   0x00000010   Code   RO         5098    i.target_limit_int  balance.o
    0x0800c3fc   0x0800c3fc   0x000000ac   Code   RO         1078    i.uart1_init        usartx.o
    0x0800c4a8   0x0800c4a8   0x000000a8   Code   RO         1079    i.uart2_init        usartx.o
    0x0800c550   0x0800c550   0x000000dc   Code   RO         1080    i.uart5_init        usartx.o
    0x0800c62c   0x0800c62c   0x00000024   Code   RO         4098    i.uxListRemove      list.o
    0x0800c650   0x0800c650   0x00000016   Code   RO         4099    i.vListInitialise   list.o
    0x0800c666   0x0800c666   0x00000006   Code   RO         4100    i.vListInitialiseItem  list.o
    0x0800c66c   0x0800c66c   0x00000030   Code   RO         4101    i.vListInsert       list.o
    0x0800c69c   0x0800c69c   0x00000018   Code   RO         4102    i.vListInsertEnd    list.o
    0x0800c6b4   0x0800c6b4   0x00000078   Code   RO         4851    i.vPortEnterCritical  port.o
    0x0800c72c   0x0800c72c   0x00000064   Code   RO         4852    i.vPortExitCritical  port.o
    0x0800c790   0x0800c790   0x0000009c   Code   RO         4935    i.vPortFree         heap_4.o
    0x0800c82c   0x0800c82c   0x00000020   Code   RO         4853    i.vPortSetupTimerInterrupt  port.o
    0x0800c84c   0x0800c84c   0x0000008c   Code   RO         4854    i.vPortValidateInterruptPriority  port.o
    0x0800c8d8   0x0800c8d8   0x00000024   Code   RO         4153    i.vQueueAddToRegistry  queue.o
    0x0800c8fc   0x0800c8fc   0x00000044   Code   RO         4157    i.vQueueWaitForMessageRestricted  queue.o
    0x0800c940   0x0800c940   0x0000006c   Code   RO         4383    i.vTaskDelay        tasks.o
    0x0800c9ac   0x0800c9ac   0x000000ac   Code   RO         4384    i.vTaskDelayUntil   tasks.o
    0x0800ca58   0x0800ca58   0x000000cc   Code   RO         4385    i.vTaskDelete       tasks.o
    0x0800cb24   0x0800cb24   0x0000000c   Code   RO         4389    i.vTaskMissedYield  tasks.o
    0x0800cb30   0x0800cb30   0x00000054   Code   RO         4391    i.vTaskPlaceOnEventList  tasks.o
    0x0800cb84   0x0800cb84   0x0000005c   Code   RO         4392    i.vTaskPlaceOnEventListRestricted  tasks.o
    0x0800cbe0   0x0800cbe0   0x00000084   Code   RO         4394    i.vTaskPriorityInherit  tasks.o
    0x0800cc64   0x0800cc64   0x00000048   Code   RO         4398    i.vTaskSetTimeOutState  tasks.o
    0x0800ccac   0x0800ccac   0x00000094   Code   RO         4399    i.vTaskStartScheduler  tasks.o
    0x0800cd40   0x0800cd40   0x00000010   Code   RO         4401    i.vTaskSuspendAll   tasks.o
    0x0800cd50   0x0800cd50   0x0000007c   Code   RO         4402    i.vTaskSwitchContext  tasks.o
    0x0800cdcc   0x0800cdcc   0x00000114   Code   RO         4855    i.xPortStartScheduler  port.o
    0x0800cee0   0x0800cee0   0x0000002c   Code   RO         4856    i.xPortSysTickHandler  port.o
    0x0800cf0c   0x0800cf0c   0x00000078   Code   RO         4162    i.xQueueGenericCreate  queue.o
    0x0800cf84   0x0800cf84   0x00000184   Code   RO         4163    i.xQueueGenericReceive  queue.o
    0x0800d108   0x0800d108   0x000000a8   Code   RO         4164    i.xQueueGenericReset  queue.o
    0x0800d1b0   0x0800d1b0   0x00000188   Code   RO         4165    i.xQueueGenericSend  queue.o
    0x0800d338   0x0800d338   0x000000e0   Code   RO         4166    i.xQueueGenericSendFromISR  queue.o
    0x0800d418   0x0800d418   0x000000b4   Code   RO         4172    i.xQueueReceiveFromISR  queue.o
    0x0800d4cc   0x0800d4cc   0x00000088   Code   RO         4403    i.xTaskCheckForTimeOut  tasks.o
    0x0800d554   0x0800d554   0x00000056   Code   RO         4404    i.xTaskCreate       tasks.o
    0x0800d5aa   0x0800d5aa   0x00000002   PAD
    0x0800d5ac   0x0800d5ac   0x0000001c   Code   RO         4408    i.xTaskGetSchedulerState  tasks.o
    0x0800d5c8   0x0800d5c8   0x0000000c   Code   RO         4409    i.xTaskGetTickCount  tasks.o
    0x0800d5d4   0x0800d5d4   0x000000e8   Code   RO         4411    i.xTaskIncrementTick  tasks.o
    0x0800d6bc   0x0800d6bc   0x000000b4   Code   RO         4414    i.xTaskPriorityDisinherit  tasks.o
    0x0800d770   0x0800d770   0x00000098   Code   RO         4415    i.xTaskRemoveFromEventList  tasks.o
    0x0800d808   0x0800d808   0x000000e4   Code   RO         4417    i.xTaskResumeAll    tasks.o
    0x0800d8ec   0x0800d8ec   0x00000074   Code   RO         4729    i.xTimerCreate      timers.o
    0x0800d960   0x0800d960   0x00000074   Code   RO         4730    i.xTimerCreateTimerTask  timers.o
    0x0800d9d4   0x0800d9d4   0x00000090   Code   RO         4731    i.xTimerGenericCommand  timers.o
    0x0800da64   0x0800da64   0x00001a24   Data   RO          751    .constdata          oled.o
    0x0800f488   0x0800f488   0x00000200   Data   RO          753    .constdata          oled.o
    0x0800f688   0x0800f688   0x00000088   Data   RO         6303    .constdata          m_wm.l(pow.o)
    0x0800f710   0x0800f710   0x00000008   Data   RO         6678    .constdata          m_wm.l(qnan.o)
    0x0800f718   0x0800f718   0x000000c8   Data   RO         6681    .constdata          m_wm.l(rred.o)
    0x0800f7e0   0x0800f7e0   0x00000060   Data   RO         6685    .constdata          m_wm.l(tan_i.o)
    0x0800f840   0x0800f840   0x00000059   Data   RO         1086    .conststring        usartx.o
    0x0800f899   0x0800f899   0x00000003   PAD
    0x0800f89c   0x0800f89c   0x00000004   Data   RO         6133    .conststring        bsp_ps2.o
    0x0800f8a0   0x0800f8a0   0x00000020   Data   RO         6746    Region$$Table       anon$$obj.o


    Execution Region RW_IRAM1 (Exec base: 0x20000000, Load base: 0x0800f8c0, Size: 0x00009380, Max: 0x00020000, ABSOLUTE, COMPRESSED[0x0000010c])

    Exec Addr    Load Addr    Size         Type   Attr      Idx    E Section Name        Object

    0x20000000   COMPRESSED   0x00000004   Data   RW            5    .data               main.o
    0x20000004   COMPRESSED   0x00000014   Data   RW          364    .data               system_stm32f4xx.o
    0x20000018   COMPRESSED   0x00000028   Data   RW          412    .data               adc.o
    0x20000040   COMPRESSED   0x00000004   Data   RW          413    .data               adc.o
    0x20000044   COMPRESSED   0x00000004   Data   RW          415    .data               adc.o
    0x20000048   COMPRESSED   0x0000001e   Data   RW          576    .data               key.o
    0x20000066   COMPRESSED   0x00000002   PAD
    0x20000068   COMPRESSED   0x00000008   Data   RW          632    .data               led.o
    0x20000070   COMPRESSED   0x00000030   Data   RW          916    .data               pstwo.o
    0x200000a0   COMPRESSED   0x00000004   Data   RW         1087    .data               usartx.o
    0x200000a4   COMPRESSED   0x00000004   Data   RW         1088    .data               usartx.o
    0x200000a8   COMPRESSED   0x00000004   Data   RW         1089    .data               usartx.o
    0x200000ac   COMPRESSED   0x00000004   Data   RW         1090    .data               usartx.o
    0x200000b0   COMPRESSED   0x00000004   Data   RW         1091    .data               usartx.o
    0x200000b4   COMPRESSED   0x00000004   Data   RW         1092    .data               usartx.o
    0x200000b8   COMPRESSED   0x00000004   Data   RW         1093    .data               usartx.o
    0x200000bc   COMPRESSED   0x00000004   Data   RW         1094    .data               usartx.o
    0x200000c0   COMPRESSED   0x00000004   Data   RW         1095    .data               usartx.o
    0x200000c4   COMPRESSED   0x00000040   Data   RW         1096    .data               usartx.o
    0x20000104   COMPRESSED   0x00000004   Data   RW         1097    .data               usartx.o
    0x20000108   COMPRESSED   0x00000004   Data   RW         1098    .data               usartx.o
    0x2000010c   COMPRESSED   0x00000004   Data   RW         1099    .data               usartx.o
    0x20000110   COMPRESSED   0x00000004   Data   RW         1100    .data               usartx.o
    0x20000114   COMPRESSED   0x00000004   Data   RW         1101    .data               usartx.o
    0x20000118   COMPRESSED   0x00000004   Data   RW         1102    .data               usartx.o
    0x2000011c   COMPRESSED   0x00000004   Data   RW         1103    .data               usartx.o
    0x20000120   COMPRESSED   0x00000004   Data   RW         1104    .data               usartx.o
    0x20000124   COMPRESSED   0x00000004   Data   RW         1105    .data               usartx.o
    0x20000128   COMPRESSED   0x00000008   Data   RW         1504    .data               delay.o
    0x20000130   COMPRESSED   0x00000004   Data   RW         1604    .data               usart.o
    0x20000134   COMPRESSED   0x00000010   Data   RW         1856    .data               stm32f4xx_rcc.o
    0x20000144   COMPRESSED   0x0000003c   Data   RW         4420    .data               tasks.o
    0x20000180   COMPRESSED   0x00000014   Data   RW         4739    .data               timers.o
    0x20000194   COMPRESSED   0x0000000c   Data   RW         4857    .data               port.o
    0x200001a0   COMPRESSED   0x00000018   Data   RW         4940    .data               heap_4.o
    0x200001b8   COMPRESSED   0x00000001   Data   RW         4996    .data               system.o
    0x200001b9   COMPRESSED   0x00000001   Data   RW         4997    .data               system.o
    0x200001ba   COMPRESSED   0x00000002   PAD
    0x200001bc   COMPRESSED   0x00000004   Data   RW         4998    .data               system.o
    0x200001c0   COMPRESSED   0x00000004   Data   RW         4999    .data               system.o
    0x200001c4   COMPRESSED   0x00000004   Data   RW         5000    .data               system.o
    0x200001c8   COMPRESSED   0x00000004   Data   RW         5001    .data               system.o
    0x200001cc   COMPRESSED   0x00000004   Data   RW         5002    .data               system.o
    0x200001d0   COMPRESSED   0x00000004   Data   RW         5003    .data               system.o
    0x200001d4   COMPRESSED   0x00000004   Data   RW         5004    .data               system.o
    0x200001d8   COMPRESSED   0x00000004   Data   RW         5005    .data               system.o
    0x200001dc   COMPRESSED   0x00000004   Data   RW         5006    .data               system.o
    0x200001e0   COMPRESSED   0x00000004   Data   RW         5007    .data               system.o
    0x200001e4   COMPRESSED   0x00000004   Data   RW         5008    .data               system.o
    0x200001e8   COMPRESSED   0x00000004   Data   RW         5009    .data               system.o
    0x200001ec   COMPRESSED   0x00000004   Data   RW         5010    .data               system.o
    0x200001f0   COMPRESSED   0x00000004   Data   RW         5011    .data               system.o
    0x200001f4   COMPRESSED   0x00000004   Data   RW         5012    .data               system.o
    0x200001f8   COMPRESSED   0x00000004   Data   RW         5013    .data               system.o
    0x200001fc   COMPRESSED   0x00000004   Data   RW         5014    .data               system.o
    0x20000200   COMPRESSED   0x00000004   Data   RW         5015    .data               system.o
    0x20000204   COMPRESSED   0x00000004   Data   RW         5016    .data               system.o
    0x20000208   COMPRESSED   0x00000001   Data   RW         5018    .data               system.o
    0x20000209   COMPRESSED   0x00000001   Data   RW         5023    .data               system.o
    0x2000020a   COMPRESSED   0x00000001   Data   RW         5024    .data               system.o
    0x2000020b   COMPRESSED   0x00000001   PAD
    0x2000020c   COMPRESSED   0x00000004   Data   RW         5026    .data               system.o
    0x20000210   COMPRESSED   0x00000004   Data   RW         5027    .data               system.o
    0x20000214   COMPRESSED   0x00000004   Data   RW         5028    .data               system.o
    0x20000218   COMPRESSED   0x00000004   Data   RW         5029    .data               system.o
    0x2000021c   COMPRESSED   0x00000004   Data   RW         5030    .data               system.o
    0x20000220   COMPRESSED   0x00000004   Data   RW         5031    .data               system.o
    0x20000224   COMPRESSED   0x00000004   Data   RW         5032    .data               system.o
    0x20000228   COMPRESSED   0x00000004   Data   RW         5033    .data               system.o
    0x2000022c   COMPRESSED   0x00000004   Data   RW         5034    .data               system.o
    0x20000230   COMPRESSED   0x00000004   Data   RW         5035    .data               system.o
    0x20000234   COMPRESSED   0x00000004   Data   RW         5036    .data               system.o
    0x20000238   COMPRESSED   0x00000001   Data   RW         5037    .data               system.o
    0x20000239   COMPRESSED   0x00000001   Data   RW         5038    .data               system.o
    0x2000023a   COMPRESSED   0x00000001   Data   RW         5039    .data               system.o
    0x2000023b   COMPRESSED   0x00000001   Data   RW         5040    .data               system.o
    0x2000023c   COMPRESSED   0x00000004   Data   RW         5041    .data               system.o
    0x20000240   COMPRESSED   0x0000009c   Data   RW         5100    .data               balance.o
    0x200002dc   COMPRESSED   0x00000018   Data   RW         5308    .data               show.o
    0x200002f4   COMPRESSED   0x00000002   Data   RW         5630    .data               usbh_core.o
    0x200002f6   COMPRESSED   0x00000002   PAD
    0x200002f8   COMPRESSED   0x0000001c   Data   RW         6135    .data               bsp_ps2.o
    0x20000314   COMPRESSED   0x00000020   Data   RW         6136    .data               bsp_ps2.o
    0x20000334   COMPRESSED   0x00000020   Data   RW         6137    .data               bsp_ps2.o
    0x20000354   COMPRESSED   0x00000001   Data   RW         6213    .data               usb_host.o
    0x20000355   COMPRESSED   0x00000003   PAD
    0x20000358   COMPRESSED   0x00000004   Data   RW         6714    .data               mc_w.l(mvars.o)
    0x2000035c   COMPRESSED   0x00000004   Data   RW         6715    .data               mc_w.l(mvars.o)
    0x20000360   COMPRESSED   0x00000004   Data   RW         6719    .data               mc_w.l(errno.o)
    0x20000364        -       0x00000100   Zero   RW          410    .bss                adc.o
    0x20000464        -       0x0000040c   Zero   RW          750    .bss                oled.o
    0x20000870        -       0x00000009   Zero   RW          915    .bss                pstwo.o
    0x20000879   COMPRESSED   0x00000003   PAD
    0x2000087c        -       0x0000261c   Zero   RW         1084    .bss                usartx.o
    0x20002e98        -       0x00000040   Zero   RW         4177    .bss                queue.o
    0x20002ed8        -       0x000002e4   Zero   RW         4419    .bss                tasks.o
    0x200031bc        -       0x00000028   Zero   RW         4738    .bss                timers.o
    0x200031e4        -       0x00005000   Zero   RW         4939    .bss                heap_4.o
    0x200081e4        -       0x0000000c   Zero   RW         4990    .bss                system.o
    0x200081f0        -       0x00000014   Zero   RW         4991    .bss                system.o
    0x20008204        -       0x00000014   Zero   RW         4992    .bss                system.o
    0x20008218        -       0x00000014   Zero   RW         4993    .bss                system.o
    0x2000822c        -       0x00000014   Zero   RW         4994    .bss                system.o
    0x20008240        -       0x0000000c   Zero   RW         4995    .bss                system.o
    0x2000824c        -       0x00000010   Zero   RW         5099    .bss                balance.o
    0x2000825c        -       0x00000018   Zero   RW         5277    .bss                robot_select_init.o
    0x20008274        -       0x000003e0   Zero   RW         5982    .bss                usbh_conf.o
    0x20008654        -       0x00000140   Zero   RW         6132    .bss                bsp_ps2.o
    0x20008794        -       0x000005e8   Zero   RW         6212    .bss                usb_host.o
    0x20008d7c   COMPRESSED   0x00000004   PAD
    0x20008d80        -       0x00000200   Zero   RW         1653    HEAP                startup_stm32f40_41xxx.o
    0x20008f80        -       0x00000400   Zero   RW         1652    STACK               startup_stm32f40_41xxx.o


==============================================================================

Image component sizes


      Code (inc. data)   RO Data    RW Data    ZI Data      Debug   Object Name

      1256        112          0         48        256       9373   adc.o
      7634       1166          0        156         16      26041   balance.o
      2388         74          4         92        320      13266   bsp_ps2.o
       212         18          0          8          0       3589   delay.o
       944         70          0          0          0       6699   encoder.o
         0          0          0          0          0       9572   event_groups.o
       584        138          0         24      20480       4539   heap_4.o
       694         74          0          0          0       5918   i2c.o
         8          0          0          0          0        587   icm20948.o
       184         12          0         30          0       4401   key.o
       280         38          0          8          0       3892   led.o
       136          0          0          0          0       3610   list.o
       256        110          0          4          0     316116   main.o
       144         14          0          0          0       2393   misc.o
       808         44          0          0          0       4063   motor.o
         8          0          0          0          0       1235   mpu6050.o
      1152         58       7204          0       1036      12757   oled.o
      1038        382          0         12          0      11657   port.o
      1646        238          0         48          9      91810   pstwo.o
      2012        272          0          0         64      15700   queue.o
       448        128          0          0         24       2081   robot_select_init.o
      4288        758          0         24          0       5236   show.o
        36          8        392          0       1536        888   startup_stm32f40_41xxx.o
       286         20          0          0          0       6174   stm32f4xx_adc.o
       160          0          0          0          0       3219   stm32f4xx_gpio.o
      2842          0          0          0          0      15695   stm32f4xx_hal_hcd.o
        12          0          0          0          0       3121   stm32f4xx_it.o
      2214         46          0          0          0      20804   stm32f4xx_ll_usb.o
        12          6          0          0          0        602   stm32f4xx_pwr.o
       316         54          0         16          0       7782   stm32f4xx_rcc.o
      1156         60          0          0          0      20054   stm32f4xx_tim.o
       310          8          0          0          0       4862   stm32f4xx_usart.o
        18          0          0          0          0       3302   sys.o
       228         14          0        133        104       6988   system.o
       272         36          0         20          0       2045   system_stm32f4xx.o
      2930        714          0         60        740      32961   tasks.o
       176         10          0          0          0        874   timer.o
      1144        260          0         20         40      10906   timers.o
        24          6          0          4          0       3286   usart.o
      2188        320         89        136       9756      37641   usartx.o
       116         22          0          1       1512       2315   usb_host.o
       490         12          0          0        992      15733   usbh_conf.o
      1688         42          0          2          0      14664   usbh_core.o
      1528         12          0          0          0      14298   usbh_ctlreq.o
       286          0          0          0          0      10522   usbh_hid.o
         0          0          0          0          0       3932   usbh_hid_keybd.o
       140          0          0          0          0       3929   usbh_ioreq.o
       200         16          0          0          0       5330   usbh_os_middleware.o
       110          0          0          0          0       3642   usbh_pipes.o

    ----------------------------------------------------------------------
     45048       5372       7724        856      36892     810104   Object Totals
         0          0         32          0          0          0   (incl. Generated)
        46          0          3         10          7          0   (incl. Padding)

    ----------------------------------------------------------------------

      Code (inc. data)   RO Data    RW Data    ZI Data      Debug   Library Member Name

       184         44          0          0          0        744   dunder.o
        24          0          0          0          0        124   fabs.o
        48          0          0          0          0        124   fpclassify.o
       248          0          0          0          0        152   poly.o
      3152        296        136          0          0        352   pow.o
         0          0          8          0          0          0   qnan.o
      1080        142        200          0          0        188   rred.o
       232          0          0          0          0        296   sqrt.o
       128         20          0          0          0        144   tan.o
       848         84         96          0          0        196   tan_i.o
        86          0          0          0          0          0   __dczerorl2.o
         0          0          0          0          0          0   entry.o
         0          0          0          0          0          0   entry10a.o
         0          0          0          0          0          0   entry11a.o
         4          0          0          0          0          0   entry12b.o
         8          4          0          0          0          0   entry2.o
         4          0          0          0          0          0   entry5.o
         0          0          0          0          0          0   entry7b.o
         0          0          0          0          0          0   entry8b.o
         8          4          0          0          0          0   entry9a.o
        12          6          0          4          0         68   errno.o
        30          0          0          0          0          0   handlers.o
        36          8          0          0          0         68   init.o
         0          0          0          0          0          0   iusefp.o
        30          0          0          0          0         68   llshl.o
        36          0          0          0          0         68   llsshr.o
        32          0          0          0          0         68   llushr.o
       188         20          0          0          0        160   malloc.o
        36          0          0          0          0         68   memcpya.o
        36          0          0          0          0        108   memseta.o
         0          0          0          8          0          0   mvars.o
      2218         90          0          0          0        464   printfa.o
        44          0          0          0          0         80   uidiv.o
        98          0          0          0          0         92   uldiv.o
        48          0          0          0          0         68   cdrcmple.o
        56          0          0          0          0         88   d2f.o
       334          0          0          0          0        148   dadd.o
       222          0          0          0          0        100   ddiv.o
       186          0          0          0          0        176   depilogue.o
        62          0          0          0          0         80   dfixi.o
        48          0          0          0          0         68   dfixul.o
        34          0          0          0          0         76   dflti.o
        26          0          0          0          0         76   dfltui.o
       228          0          0          0          0         96   dmul.o
        46          0          0          0          0         80   dscalb.o
       162          0          0          0          0        100   dsqrt.o
        38          0          0          0          0         68   f2d.o
       110          0          0          0          0        168   fepilogue.o

    ----------------------------------------------------------------------
     10468        718        440         12          0       5024   Library Totals
        18          0          0          0          0          0   (incl. Padding)

    ----------------------------------------------------------------------

      Code (inc. data)   RO Data    RW Data    ZI Data      Debug   Library Name

      5944        586        440          0          0       2320   m_wm.l
      2906        132          0         12          0       1312   mc_w.l
      1600          0          0          0          0       1392   mf_w.l

    ----------------------------------------------------------------------
     10468        718        440         12          0       5024   Library Totals

    ----------------------------------------------------------------------

==============================================================================


      Code (inc. data)   RO Data    RW Data    ZI Data      Debug   

     55516       6090       8164        868      36892     776108   Grand Totals
     55516       6090       8164        268      36892     776108   ELF Image Totals (compressed)
     55516       6090       8164        268          0          0   ROM Totals

==============================================================================

    Total RO  Size (Code + RO Data)                63680 (  62.19kB)
    Total RW  Size (RW Data + ZI Data)             37760 (  36.88kB)
    Total ROM Size (Code + RO Data + RW Data)      63948 (  62.45kB)

==============================================================================

